[14:48:13 INFO  SMAPI] SMAPI 4.5.2 with Stardew Valley 1.6.15 build 24356 on macOS Unix 26.6.2
[14:48:13 INFO  SMAPI] Mods go here: /Volumes/KINGSTONMAC/SteamLibrary/common/Stardew Valley/Contents/MacOS/Mods
[14:48:13 TRACE SMAPI] Log started at 2026-09-13T07:48:13 UTC
[14:48:28 DEBUG SMAPI] Waiting for game to launch...
[14:48:30 TRACE game] Instance_Initialize() finished, elapsed = '00:00:01.1186744'
[14:48:30 TRACE SMAPI] Scanning for malicious files...
[14:48:30 DEBUG SMAPI] Loading mod metadata...
[14:48:30 DEBUG SMAPI] Loading mods...
[14:48:31 TRACE SMAPI]    Console Commands (from Mods/ConsoleCommands/ConsoleCommands.dll, ID: SMAPI.ConsoleCommands, assembly version: 4.5.2)...
[14:48:31 TRACE SMAPI]    QuickSave (from Mods/QuickSave/QuickSave.dll, ID: DLX.QuickSave, assembly version: 1.0.0)...
[14:48:32 TRACE SMAPI]       Detected game patcher in assembly QuickSave.dll.
[14:48:32 TRACE SMAPI]       Detected possible save serializer change (StardewValley.SaveGame.farmerSerializer field, StardewValley.SaveGame.serializer field) in assembly QuickSave.dll.
[14:48:32 TRACE SMAPI]    Save Backup (from Mods/SaveBackup/SaveBackup.dll, ID: SMAPI.SaveBackup, assembly version: 4.5.2)...
[14:48:32 TRACE SMAPI]       Detected direct console access (System.Console type) in assembly SaveBackup.dll.
[14:48:32 TRACE SMAPI]    Content Patcher (from Mods/ContentPatcher/ContentPatcher.dll, ID: Pathoschild.ContentPatcher, assembly version: 2.9.1)...
[14:48:32 TRACE SMAPI]    Stardew Valley — VN Revival Languages (from Mods/[CP] VN Revival Languages, ID: VNRevival.StardewValleyTranslations) [content pack]...
[14:48:32 TRACE SMAPI]    VN Revival Language Switcher (from Mods/[SMAPI] VN Revival Language Switcher/VNRevival.LanguageSwitcher.dll, ID: VNRevival.LanguageSwitcher, assembly version: 1.9.13)...
[14:48:32 TRACE SMAPI]       Detected game patcher in assembly VNRevival.LanguageSwitcher.dll.
[14:48:32 TRACE SMAPI]    VN Revival Visual QA Driver (from Mods/[SMAPI] VN Revival Visual QA Driver/VNRevival.VisualQADriver.dll, ID: VNRevival.VisualQADriver, assembly version: 0.0.0)...
[14:48:32 TRACE SMAPI]    VN Revival Small Game Updater (from Mods/VN Revival Small Game Updater/VNRevival.SmallGameUpdater.dll, ID: VNRevival.SmallGameUpdater, assembly version: 1.0.0)...
[14:48:32 INFO  SMAPI] Loaded 7 mods:
[14:48:32 INFO  SMAPI]    Console Commands 4.5.2 by SMAPI | Adds SMAPI console commands that let you manipulate the game.
[14:48:32 INFO  SMAPI]    Content Patcher 2.9.1 by Pathoschild | Loads content packs which edit game data, images, and maps without changing the game files.
[14:48:32 INFO  SMAPI]    QuickSave 1.5.0 by DeLiXx | F5 to Quicksave, F7 to Quickload
[14:48:32 INFO  SMAPI]    Save Backup 4.5.2 by SMAPI | Automatically backs up all your saves once per day into its folder.
[14:48:32 INFO  SMAPI]    VN Revival Language Switcher 1.9.13 by VN Revival | Fixes custom-language behavior and draws readable high-resolution labels on the title menu and developer card.
[14:48:32 INFO  SMAPI]    VN Revival Small Game Updater 1.0.0 by VN Revival | Checks VN Revival for translation updates and applies them before Content Patcher loads.
[14:48:32 INFO  SMAPI]    VN Revival Visual QA Driver 1.0.0 by VN Revival | Temporary local-only bridge which triggers QuickSave for automated visual QA.

[14:48:32 INFO  SMAPI] Loaded 1 content packs:
[14:48:32 INFO  SMAPI]    Stardew Valley — VN Revival Languages 1.17.23 by VN Revival | for Content Patcher | Adds Russian, Serbian, Polish, Ukrainian, Vietnamese, Swahili, Persian, Arabic, Indonesian, Filipino, Dutch, Hindi, Traditional Chinese, Romanian, Hebrew, Bulgarian, Thai, Greek, and Czech as separate VN Revival languages in Stardew Valley.

[14:48:32 WARN  SMAPI]    Changed save serializer
[14:48:32 WARN  SMAPI]    --------------------------------------------------
[14:48:32 WARN  SMAPI]       These mods change the save serializer. They may corrupt your save files, or make them unusable if
[14:48:32 WARN  SMAPI]       you uninstall these mods.

[14:48:32 WARN  SMAPI]       - QuickSave

[14:48:32 INFO  SMAPI]    Patched game code
[14:48:32 INFO  SMAPI]    --------------------------------------------------
[14:48:32 INFO  SMAPI]       These mods directly change the game code. They're more likely to cause errors or bugs in-game; if
[14:48:32 INFO  SMAPI]       your game has issues, try removing these first. Otherwise you can ignore this warning.

[14:48:32 INFO  SMAPI]       - QuickSave
[14:48:32 INFO  SMAPI]       - VN Revival Language Switcher

[14:48:32 TRACE SMAPI]    Direct console access
[14:48:32 TRACE SMAPI]    --------------------------------------------------
[14:48:32 TRACE SMAPI]       These mods access the SMAPI console window directly. This is more fragile, and their output may not
[14:48:32 TRACE SMAPI]       be logged by SMAPI.

[14:48:32 TRACE SMAPI]       - Save Backup

[14:48:32 DEBUG SMAPI]    No update keys
[14:48:32 DEBUG SMAPI]    --------------------------------------------------
[14:48:32 DEBUG SMAPI]       These mods have no update keys in their manifest. SMAPI may not notify you about updates for these
[14:48:32 DEBUG SMAPI]       mods. Consider notifying the mod authors about this problem.

[14:48:32 DEBUG SMAPI]       - Stardew Valley — VN Revival Languages
[14:48:32 DEBUG SMAPI]       - VN Revival Language Switcher
[14:48:32 DEBUG SMAPI]       - VN Revival Small Game Updater
[14:48:32 DEBUG SMAPI]       - VN Revival Visual QA Driver

[14:48:32 DEBUG SMAPI] Launching mods...
[14:48:32 TRACE SMAPI]    Found mod-provided API (QuickSave.API.QuickSaveAPI).
[14:48:32 TRACE Save Backup] Already backed up today.
[14:48:33 TRACE SMAPI]    Found mod-provided API (ContentPatcher.Framework.ContentPatcherAPI).
[14:48:33 TRACE VN Revival Language Switcher] Persian, Arabic, and Hebrew shaping/bidi adapters enabled for 15 text methods.
[14:48:33 TRACE VN Revival Visual QA Driver] Waiting for the visual-QA QuickSave trigger.
[14:48:33 DEBUG SMAPI] Mods loaded and ready!
[14:48:33 TRACE SMAPI] Checking for updates...
[14:48:35 TRACE game] setGameMode( 'titleScreenGameMode (0)' )
[14:48:35 TRACE game] Instance_LoadContent() finished, elapsed = '00:00:05.1472792'
[14:48:35 ERROR game] Oops! Steam achievements won't work because Steam isn't loaded. You can launch the game through Steam to fix that.
[14:48:35 INFO  SMAPI] Type 'help' for help, or 'help <cmd>' for a command's usage
[14:48:35 TRACE SMAPI]    SMAPI okay.
[14:48:35 TRACE SMAPI]    Checking for updates to 6 mods...
[14:48:35 TRACE SMAPI]    All mods up to date.
[14:48:36 TRACE game] Registered trigger action handler 'Pathoschild.ContentPatcher_MigrateIds'.
[14:48:37 TRACE SMAPI]    Mod blacklist OK.
[14:48:48 TRACE Content Patcher] Requested cache invalidation for all assets matching a predicate.
[14:48:48 TRACE game] Successfully loaded ContentHashes.json containing 3560 file(s);
[14:48:48 TRACE game] EnsureManifestInitialized() finished, elapsed = '00:00:00.0327736'
[14:48:48 TRACE SMAPI] Invalidated 3 asset names (Fonts/SmallFont, Fonts/SpriteFont1, Minigames/TitleButtons).
Propagated 3 core assets (Fonts/SmallFont, Fonts/SpriteFont1, Minigames/TitleButtons).
[14:48:49 TRACE SMAPI] Content Patcher edited Data/AdditionalLanguages (for the 'Stardew Valley — VN Revival Languages' content pack).
[14:48:49 TRACE game] LocalizedContentManager.CurrentLanguageCode CHANGING from 'en' to 'mod'
[14:48:50 TRACE Content Patcher] Requested cache invalidation for all assets matching a predicate.
[14:48:50 TRACE SMAPI] Content Patcher edited Data/Achievements (for the 'Stardew Valley — VN Revival Languages' content pack).
[14:48:50 TRACE SMAPI] Content Patcher edited Data/NPCGiftTastes (for the 'Stardew Valley — VN Revival Languages' content pack).
[14:48:50 TRACE SMAPI] Content Patcher edited Data/CraftingRecipes (for the 'Stardew Valley — VN Revival Languages' content pack).
[14:48:50 TRACE SMAPI] Content Patcher edited Data/CookingRecipes (for the 'Stardew Valley — VN Revival Languages' content pack).
[14:48:50 TRACE SMAPI] Content Patcher edited Strings/StringsFromCSFiles (for the 'Stardew Valley — VN Revival Languages' content pack).
[14:48:50 TRACE SMAPI] Invalidated 10 asset names (Data/Achievements, Data/Boots, Data/CookingRecipes, Data/CraftingRecipes, Data/Furniture, Data/hats, Data/NPCGiftTastes, Strings/StringsFromCSFiles, Strings/Tools, Strings/Weapons).
Propagated 8 core assets (Data/Achievements, Data/Boots, Data/CookingRecipes, Data/CraftingRecipes, Data/Furniture, Data/hats, Data/NPCGiftTastes, Strings/StringsFromCSFiles).
[14:48:50 TRACE SMAPI] Content Patcher loaded asset 'Fonts/SpriteFont1.sr-vnrevival' (for the 'Stardew Valley — VN Revival Languages' content pack).
[14:48:50 TRACE SMAPI] Content Patcher loaded asset 'Fonts/SmallFont.sr-vnrevival' (for the 'Stardew Valley — VN Revival Languages' content pack).
[14:48:50 TRACE SMAPI] Content Patcher loaded asset 'Minigames/TitleButtons.sr-vnrevival' (for the 'Stardew Valley — VN Revival Languages' content pack).
[14:48:50 TRACE SMAPI] Content Patcher edited Strings/StringsFromCSFiles (for the 'Stardew Valley — VN Revival Languages' content pack).
[14:48:50 TRACE game] LocalizedContentManager.CurrentLanguageCode CHANGED from 'en' to 'mod'
[14:48:50 TRACE SMAPI] Context: locale set to mod (sr-vnrevival).
[14:48:50 TRACE game] Window_ClientSizeChanged(); Window.ClientBounds={X:0 Y:0 Width:2560 Height:1600}
[14:48:50 TRACE VN Revival Language Switcher] Readable developer-card label enabled for sr-vnrevival; overlay 333x180, zoom 3, scale 1.
[14:49:13 TRACE SMAPI] Content Patcher loaded asset 'Minigames/TitleButtons.sr-vnrevival' (for the 'Stardew Valley — VN Revival Languages' content pack).
[14:49:13 TRACE VN Revival Language Switcher] Centered high-resolution title labels enabled for sr-vnrevival; button bounds: 800,1402 222x174 scale 3/3, 1046,1402 222x174 scale 3/3, 1292,1402 222x174 scale 3/3, 1538,1402 222x174 scale 3/3.
[14:49:20 TRACE SMAPI] Synchronizing 'Farm_SpaceCheck' task...
[14:49:20 TRACE SMAPI]    task complete.
[14:49:20 TRACE SMAPI] Content Patcher loaded asset 'Fonts/Serbian' (for the 'Stardew Valley — VN Revival Languages' content pack).
[14:49:20 TRACE SMAPI] Content Patcher loaded asset 'Fonts/Serbian_0' (for the 'Stardew Valley — VN Revival Languages' content pack).
[14:49:22 TRACE SMAPI] Content Patcher edited Data/Furniture (for the 'Stardew Valley — VN Revival Languages' content pack).
[14:49:22 TRACE SMAPI] Content Patcher edited Data/Boots (for the 'Stardew Valley — VN Revival Languages' content pack).
[14:49:22 TRACE SMAPI] Content Patcher edited Data/hats (for the 'Stardew Valley — VN Revival Languages' content pack).
[14:49:22 TRACE SMAPI] Content Patcher edited Strings/Tools (for the 'Stardew Valley — VN Revival Languages' content pack).
[14:49:22 TRACE SMAPI] Content Patcher edited Strings/Weapons (for the 'Stardew Valley — VN Revival Languages' content pack).
[14:49:22 TRACE SMAPI] Content Patcher edited Strings/UI (for the 'Stardew Valley — VN Revival Languages' content pack).
[14:49:22 TRACE SMAPI] Content Patcher edited Strings/1_6_Strings (for the 'Stardew Valley — VN Revival Languages' content pack).
[14:49:22 TRACE SMAPI] Content Patcher edited Data/HairData (for the 'Stardew Valley — VN Revival Languages' content pack).
[14:49:22 TRACE SMAPI] Content Patcher edited Strings/Shirts (for the 'Stardew Valley — VN Revival Languages' content pack).
[14:49:22 TRACE SMAPI] Content Patcher edited Strings/Pants (for the 'Stardew Valley — VN Revival Languages' content pack).
[14:49:22 TRACE VN Revival Language Switcher] Native back label enabled for sr-vnrevival; bounds 198x81, source 66x27, scale 3/3, overlay 0.75.
[14:49:28 TRACE game] Window_ClientSizeChanged(); Window.ClientBounds={X:0 Y:0 Width:2560 Height:1600}
[14:49:28 TRACE game] Window_ClientSizeChanged(); Window.ClientBounds={X:0 Y:0 Width:2560 Height:1600}
[14:49:38 TRACE SMAPI] Synchronizing 'Find Save Games' task...
[14:49:39 TRACE SMAPI]    task complete.
[14:49:40 TRACE game] Window_ClientSizeChanged(); Window.ClientBounds={X:0 Y:0 Width:2560 Height:1600}
[14:49:45 TRACE game] gameMode was 'titleScreenGameMode (0)', set to 'loadingMode (6)'.
[14:49:45 TRACE SMAPI] Game loader synchronizing...
[14:49:45 TRACE game] getLoadEnumerator('zc_448908119')
[14:49:45 TRACE SMAPI] Synchronizing 'Load_ReadSave' task...
[14:49:47 TRACE SMAPI] Content Patcher edited Strings/BigCraftables (for the 'Stardew Valley — VN Revival Languages' content pack).
[14:49:47 TRACE SMAPI] Content Patcher edited Data/Festivals/FestivalDates (for the 'Stardew Valley — VN Revival Languages' content pack).
[14:49:48 TRACE SMAPI] Content Patcher edited Strings/NPCNames (for the 'Stardew Valley — VN Revival Languages' content pack).
[14:49:48 TRACE SMAPI] Content Patcher edited Data/Bundles (for the 'Stardew Valley — VN Revival Languages' content pack).
[14:49:48 TRACE SMAPI] Content Patcher edited Strings/Objects (for the 'Stardew Valley — VN Revival Languages' content pack).
[14:49:48 TRACE SMAPI]    task complete.
[14:49:48 TRACE SMAPI] Content Patcher edited Data/Festivals/FestivalDates (for the 'Stardew Valley — VN Revival Languages' content pack).
[14:49:49 TRACE SMAPI] Synchronizing 'Load_LoadForNewGame' task...
[14:49:49 TRACE SMAPI] Content Patcher edited Strings/Furniture (for the 'Stardew Valley — VN Revival Languages' content pack).
[14:49:49 TRACE SMAPI] Content Patcher edited Data/Fish (for the 'Stardew Valley — VN Revival Languages' content pack).
[14:49:50 TRACE SMAPI] Content Patcher edited Data/Quests (for the 'Stardew Valley — VN Revival Languages' content pack).
[14:49:50 TRACE SMAPI]    task complete.
[14:49:50 TRACE SMAPI] Synchronizing 'Load_Farmer' task...
[14:49:50 TRACE SMAPI]    task complete.
[14:49:50 TRACE SMAPI] Synchronizing 'Load_Locations' task...
[14:49:50 TRACE SMAPI] Content Patcher edited Data/ChairTiles (for the 'Stardew Valley — VN Revival Languages' content pack).
[14:49:50 TRACE SMAPI]    task complete.
[14:49:51 TRACE game] gameMode was 'loadingMode (6)', set to 'playingGameMode (3)'.
[14:49:51 TRACE game] getLoadEnumerator() exited, elapsed = '00:00:05.5857316'
[14:49:51 TRACE SMAPI] Content Patcher edited Data/Events/FarmHouse (for the 'Stardew Valley — VN Revival Languages' content pack).
[14:49:51 TRACE game] setGameMode( 'playingGameMode (3)' )
[14:49:51 TRACE SMAPI] Game loader done.
[14:49:51 TRACE SMAPI] Content Patcher edited Data/Festivals/FestivalDates (for the 'Stardew Valley — VN Revival Languages' content pack).
[14:49:51 TRACE game] Window_ClientSizeChanged(); Window.ClientBounds={X:0 Y:0 Width:2560 Height:1600}
[14:49:51 TRACE SMAPI] Context: loaded save 'zc_448908119', starting spring 1 Y1, locale set to sr-vnrevival. Single-player.
[14:49:51 INFO  VN Revival Visual QA Driver] Invoking QuickSave.Lib.Main.TryLoad() for visual QA.
[14:49:51 DEBUG QuickSave] Loading Savefile: /Users/antonkrutov/.config/StardewValley/Saves/zc_448908119/Quicksave
[14:49:52 TRACE game] gameMode was 'playingGameMode (3)', set to 'loadingMode (6)'.
[14:49:52 TRACE SMAPI] Game loader synchronizing...
[14:49:52 TRACE game] getLoadEnumerator('/Users/antonkrutov/.config/StardewValley/Saves/zc_448908119/Quicksave')
[14:49:52 TRACE SMAPI] Synchronizing 'Load_ReadSave' task...
[14:49:52 TRACE SMAPI] Content Patcher edited Strings/BundleNames (for the 'Stardew Valley — VN Revival Languages' content pack).
[14:49:52 TRACE SMAPI]    task complete.
[14:49:52 TRACE SMAPI] Synchronizing 'Load_LoadForNewGame' task...
[14:49:52 TRACE SMAPI]    task complete.
[14:49:52 TRACE SMAPI] Synchronizing 'Load_Farmer' task...
[14:49:52 TRACE SMAPI]    task complete.
[14:49:52 TRACE SMAPI] Synchronizing 'Load_Locations' task...
[14:49:52 TRACE SMAPI]    task complete.
[14:49:52 TRACE game] gameMode was 'loadingMode (6)', set to 'playingGameMode (3)'.
[14:49:52 TRACE game] getLoadEnumerator() exited, elapsed = '00:00:00.9713406'
[14:49:53 TRACE SMAPI] Content Patcher edited Data/Events/SeedShop (for the 'Stardew Valley — VN Revival Languages' content pack).
[14:49:53 TRACE game] setGameMode( 'playingGameMode (3)' )
[14:49:53 TRACE SMAPI] Game loader done.
[14:49:53 TRACE SMAPI] Context: loaded save 'zc_448908119', starting spring 1 Y1, locale set to sr-vnrevival. Single-player.
[14:49:53 TRACE SMAPI] Content Patcher edited Data/animationDescriptions (for the 'Stardew Valley — VN Revival Languages' content pack).
[14:49:53 TRACE SMAPI] Content Patcher edited Data/Festivals/FestivalDates (for the 'Stardew Valley — VN Revival Languages' content pack).
[14:49:53 TRACE QuickSave] Savefile loaded in 1040ms
[14:49:53 TRACE QuickSave] SaveName matches old = True| Old: zc - New: zc
[14:49:53 TRACE QuickSave] UniqueId matches old = True| Old: 448908119 - New: 448908119
[14:49:53 TRACE SMAPI] Content Patcher edited Characters/Dialogue/Shane (for the 'Stardew Valley — VN Revival Languages' content pack).
[14:49:53 TRACE SMAPI] Content Patcher edited Characters/Dialogue/Marnie (for the 'Stardew Valley — VN Revival Languages' content pack).
[14:49:53 TRACE SMAPI] Content Patcher edited Characters/Dialogue/Vincent (for the 'Stardew Valley — VN Revival Languages' content pack).
[14:49:53 TRACE SMAPI] Content Patcher edited Characters/Dialogue/Abigail (for the 'Stardew Valley — VN Revival Languages' content pack).
[14:49:53 TRACE QuickSave] Loading finished in 1650ms
[14:49:53 TRACE game] Window_ClientSizeChanged(); Window.ClientBounds={X:0 Y:0 Width:2560 Height:1600}
[14:50:00 TRACE SMAPI] Content Patcher edited Characters/Dialogue/Elliott (for the 'Stardew Valley — VN Revival Languages' content pack).
[14:50:00 TRACE SMAPI] Content Patcher edited Characters/Dialogue/Demetrius (for the 'Stardew Valley — VN Revival Languages' content pack).
[14:50:00 TRACE SMAPI] Content Patcher edited Characters/Dialogue/Wizard (for the 'Stardew Valley — VN Revival Languages' content pack).
[14:50:00 TRACE SMAPI] Content Patcher edited Characters/Dialogue/Jas (for the 'Stardew Valley — VN Revival Languages' content pack).
[14:50:00 TRACE SMAPI] Content Patcher edited Characters/Dialogue/Leah (for the 'Stardew Valley — VN Revival Languages' content pack).
[14:50:00 TRACE SMAPI] Content Patcher edited Characters/Dialogue/Dwarf (for the 'Stardew Valley — VN Revival Languages' content pack).
[14:50:00 TRACE SMAPI] Content Patcher edited Characters/Dialogue/Krobus (for the 'Stardew Valley — VN Revival Languages' content pack).
[14:50:00 TRACE SMAPI] Content Patcher edited Characters/Dialogue/Gus (for the 'Stardew Valley — VN Revival Languages' content pack).
[14:50:08 TRACE SMAPI] Content Patcher edited Data/mail (for the 'Stardew Valley — VN Revival Languages' content pack).
[14:50:08 TRACE VN Revival Visual QA Driver] Opened inventory for visual QA.
[14:50:08 TRACE game] Window_ClientSizeChanged(); Window.ClientBounds={X:0 Y:0 Width:2560 Height:1600}
[14:50:17 TRACE VN Revival Visual QA Driver] Closed active menu for visual QA.
[14:50:19 TRACE VN Revival Visual QA Driver] Opened journal for visual QA.
