[10:41:22 INFO  SMAPI] SMAPI 4.5.2 with Stardew Valley 1.6.15 build 24356 on macOS Unix 26.6.2
[10:41:22 INFO  SMAPI] Mods go here: /Volumes/KINGSTONMAC/SteamLibrary/common/Stardew Valley/Contents/MacOS/Mods
[10:41:22 TRACE SMAPI] Log started at 2026-09-13T03:41:22 UTC
[10:41:36 DEBUG SMAPI] Waiting for game to launch...
[10:41:38 TRACE game] Instance_Initialize() finished, elapsed = '00:00:01.0471706'
[10:41:38 TRACE SMAPI] Scanning for malicious files...
[10:41:38 DEBUG SMAPI] Loading mod metadata...
[10:41:39 DEBUG SMAPI] Loading mods...
[10:41:39 TRACE SMAPI]    Console Commands (from Mods/ConsoleCommands/ConsoleCommands.dll, ID: SMAPI.ConsoleCommands, assembly version: 4.5.2)...
[10:41:40 TRACE SMAPI]    QuickSave (from Mods/QuickSave/QuickSave.dll, ID: DLX.QuickSave, assembly version: 1.0.0)...
[10:41:40 TRACE SMAPI]       Detected game patcher in assembly QuickSave.dll.
[10:41:40 TRACE SMAPI]       Detected possible save serializer change (StardewValley.SaveGame.farmerSerializer field, StardewValley.SaveGame.serializer field) in assembly QuickSave.dll.
[10:41:40 TRACE SMAPI]    Save Backup (from Mods/SaveBackup/SaveBackup.dll, ID: SMAPI.SaveBackup, assembly version: 4.5.2)...
[10:41:40 TRACE SMAPI]       Detected direct console access (System.Console type) in assembly SaveBackup.dll.
[10:41:40 TRACE SMAPI]    Content Patcher (from Mods/ContentPatcher/ContentPatcher.dll, ID: Pathoschild.ContentPatcher, assembly version: 2.9.1)...
[10:41:41 TRACE SMAPI]    Stardew Valley — VN Revival Languages (from Mods/[CP] VN Revival Languages, ID: VNRevival.StardewValleyTranslations) [content pack]...
[10:41:41 TRACE SMAPI]    VN Revival Language Switcher (from Mods/[SMAPI] VN Revival Language Switcher/VNRevival.LanguageSwitcher.dll, ID: VNRevival.LanguageSwitcher, assembly version: 1.9.13)...
[10:41:41 TRACE SMAPI]       Detected game patcher in assembly VNRevival.LanguageSwitcher.dll.
[10:41:41 TRACE SMAPI]    VN Revival Visual QA Driver (from Mods/[SMAPI] VN Revival Visual QA Driver/VNRevival.VisualQADriver.dll, ID: VNRevival.VisualQADriver, assembly version: 0.0.0)...
[10:41:41 TRACE SMAPI]    VN Revival Small Game Updater (from Mods/VN Revival Small Game Updater/VNRevival.SmallGameUpdater.dll, ID: VNRevival.SmallGameUpdater, assembly version: 1.0.0)...
[10:41:41 INFO  SMAPI] Loaded 7 mods:
[10:41:41 INFO  SMAPI]    Console Commands 4.5.2 by SMAPI | Adds SMAPI console commands that let you manipulate the game.
[10:41:41 INFO  SMAPI]    Content Patcher 2.9.1 by Pathoschild | Loads content packs which edit game data, images, and maps without changing the game files.
[10:41:41 INFO  SMAPI]    QuickSave 1.5.0 by DeLiXx | F5 to Quicksave, F7 to Quickload
[10:41:41 INFO  SMAPI]    Save Backup 4.5.2 by SMAPI | Automatically backs up all your saves once per day into its folder.
[10:41:41 INFO  SMAPI]    VN Revival Language Switcher 1.9.13 by VN Revival | Fixes custom-language behavior and draws readable high-resolution labels on the title menu and developer card.
[10:41:41 INFO  SMAPI]    VN Revival Small Game Updater 1.0.0 by VN Revival | Checks VN Revival for translation updates and applies them before Content Patcher loads.
[10:41:41 INFO  SMAPI]    VN Revival Visual QA Driver 1.0.0 by VN Revival | Temporary local-only bridge which triggers QuickSave for automated visual QA.

[10:41:41 INFO  SMAPI] Loaded 1 content packs:
[10:41:41 INFO  SMAPI]    Stardew Valley — VN Revival Languages 1.17.21 by VN Revival | for Content Patcher | Adds Russian, Serbian, Polish, Ukrainian, Vietnamese, Swahili, Persian, Arabic, Indonesian, Filipino, Dutch, Hindi, Traditional Chinese, Romanian, Hebrew, Bulgarian, Thai, Greek, and Czech as separate VN Revival languages in Stardew Valley.

[10:41:41 WARN  SMAPI]    Changed save serializer
[10:41:41 WARN  SMAPI]    --------------------------------------------------
[10:41:41 WARN  SMAPI]       These mods change the save serializer. They may corrupt your save files, or make them unusable if
[10:41:41 WARN  SMAPI]       you uninstall these mods.

[10:41:41 WARN  SMAPI]       - QuickSave

[10:41:41 INFO  SMAPI]    Patched game code
[10:41:41 INFO  SMAPI]    --------------------------------------------------
[10:41:41 INFO  SMAPI]       These mods directly change the game code. They're more likely to cause errors or bugs in-game; if
[10:41:41 INFO  SMAPI]       your game has issues, try removing these first. Otherwise you can ignore this warning.

[10:41:41 INFO  SMAPI]       - QuickSave
[10:41:41 INFO  SMAPI]       - VN Revival Language Switcher

[10:41:41 TRACE SMAPI]    Direct console access
[10:41:41 TRACE SMAPI]    --------------------------------------------------
[10:41:41 TRACE SMAPI]       These mods access the SMAPI console window directly. This is more fragile, and their output may not
[10:41:41 TRACE SMAPI]       be logged by SMAPI.

[10:41:41 TRACE SMAPI]       - Save Backup

[10:41:41 DEBUG SMAPI]    No update keys
[10:41:41 DEBUG SMAPI]    --------------------------------------------------
[10:41:41 DEBUG SMAPI]       These mods have no update keys in their manifest. SMAPI may not notify you about updates for these
[10:41:41 DEBUG SMAPI]       mods. Consider notifying the mod authors about this problem.

[10:41:41 DEBUG SMAPI]       - Stardew Valley — VN Revival Languages
[10:41:41 DEBUG SMAPI]       - VN Revival Language Switcher
[10:41:41 DEBUG SMAPI]       - VN Revival Small Game Updater
[10:41:41 DEBUG SMAPI]       - VN Revival Visual QA Driver

[10:41:41 DEBUG SMAPI] Launching mods...
[10:41:41 TRACE SMAPI]    Found mod-provided API (QuickSave.API.QuickSaveAPI).
[10:41:41 TRACE Save Backup] Already backed up today.
[10:41:41 TRACE SMAPI]    Found mod-provided API (ContentPatcher.Framework.ContentPatcherAPI).
[10:41:42 TRACE VN Revival Language Switcher] Persian, Arabic, and Hebrew shaping/bidi adapters enabled for 15 text methods.
[10:41:42 TRACE VN Revival Visual QA Driver] Waiting for the visual-QA QuickSave trigger.
[10:41:42 DEBUG SMAPI] Mods loaded and ready!
[10:41:42 TRACE SMAPI] Checking for updates...
[10:41:43 TRACE game] setGameMode( 'titleScreenGameMode (0)' )
[10:41:44 TRACE game] Instance_LoadContent() finished, elapsed = '00:00:05.4650950'
[10:41:44 ERROR game] Oops! Steam achievements won't work because Steam isn't loaded. You can launch the game through Steam to fix that.
[10:41:44 INFO  SMAPI] Type 'help' for help, or 'help <cmd>' for a command's usage
[10:41:44 TRACE SMAPI]    SMAPI okay.
[10:41:44 TRACE SMAPI]    Checking for updates to 6 mods...
[10:41:44 TRACE game] Registered trigger action handler 'Pathoschild.ContentPatcher_MigrateIds'.
[10:41:44 TRACE SMAPI]    All mods up to date.
[10:41:46 TRACE SMAPI]    Mod blacklist OK.
[10:41:57 TRACE Content Patcher] Requested cache invalidation for all assets matching a predicate.
[10:41:57 TRACE game] Successfully loaded ContentHashes.json containing 3560 file(s);
[10:41:57 TRACE game] EnsureManifestInitialized() finished, elapsed = '00:00:00.0405926'
[10:41:57 TRACE SMAPI] Invalidated 3 asset names (Fonts/SmallFont, Fonts/SpriteFont1, Minigames/TitleButtons).
Propagated 3 core assets (Fonts/SmallFont, Fonts/SpriteFont1, Minigames/TitleButtons).
[10:41:58 TRACE SMAPI] Content Patcher edited Data/AdditionalLanguages (for the 'Stardew Valley — VN Revival Languages' content pack).
[10:41:58 TRACE game] LocalizedContentManager.CurrentLanguageCode CHANGING from 'en' to 'mod'
[10:41:59 TRACE Content Patcher] Requested cache invalidation for all assets matching a predicate.
[10:41:59 TRACE SMAPI] Content Patcher edited Data/Achievements (for the 'Stardew Valley — VN Revival Languages' content pack).
[10:41:59 TRACE SMAPI] Content Patcher edited Data/NPCGiftTastes (for the 'Stardew Valley — VN Revival Languages' content pack).
[10:41:59 TRACE SMAPI] Content Patcher edited Data/CraftingRecipes (for the 'Stardew Valley — VN Revival Languages' content pack).
[10:41:59 TRACE SMAPI] Content Patcher edited Data/CookingRecipes (for the 'Stardew Valley — VN Revival Languages' content pack).
[10:41:59 TRACE SMAPI] Content Patcher edited Strings/StringsFromCSFiles (for the 'Stardew Valley — VN Revival Languages' content pack).
[10:41:59 TRACE SMAPI] Invalidated 10 asset names (Data/Achievements, Data/Boots, Data/CookingRecipes, Data/CraftingRecipes, Data/Furniture, Data/hats, Data/NPCGiftTastes, Strings/StringsFromCSFiles, Strings/Tools, Strings/Weapons).
Propagated 8 core assets (Data/Achievements, Data/Boots, Data/CookingRecipes, Data/CraftingRecipes, Data/Furniture, Data/hats, Data/NPCGiftTastes, Strings/StringsFromCSFiles).
[10:41:59 TRACE SMAPI] Content Patcher loaded asset 'Fonts/SpriteFont1.vi-vnrevival' (for the 'Stardew Valley — VN Revival Languages' content pack).
[10:41:59 TRACE SMAPI] Content Patcher loaded asset 'Fonts/SmallFont.vi-vnrevival' (for the 'Stardew Valley — VN Revival Languages' content pack).
[10:41:59 TRACE SMAPI] Content Patcher loaded asset 'Minigames/TitleButtons.vi-vnrevival' (for the 'Stardew Valley — VN Revival Languages' content pack).
[10:41:59 TRACE SMAPI] Content Patcher edited Strings/StringsFromCSFiles (for the 'Stardew Valley — VN Revival Languages' content pack).
[10:41:59 TRACE game] LocalizedContentManager.CurrentLanguageCode CHANGED from 'en' to 'mod'
[10:41:59 TRACE SMAPI] Context: locale set to mod (vi-vnrevival).
[10:41:59 TRACE game] Window_ClientSizeChanged(); Window.ClientBounds={X:0 Y:0 Width:2560 Height:1600}
[10:41:59 TRACE VN Revival Language Switcher] Readable developer-card label enabled for vi-vnrevival; overlay 333x180, zoom 3, scale 1.
[10:42:22 TRACE SMAPI] Content Patcher loaded asset 'Minigames/TitleButtons.vi-vnrevival' (for the 'Stardew Valley — VN Revival Languages' content pack).
[10:42:22 TRACE VN Revival Language Switcher] Centered high-resolution title labels enabled for vi-vnrevival; button bounds: 800,1402 222x174 scale 3/3, 1046,1402 222x174 scale 3/3, 1292,1402 222x174 scale 3/3, 1538,1402 222x174 scale 3/3.
[10:42:29 TRACE SMAPI] Synchronizing 'Farm_SpaceCheck' task...
[10:42:29 TRACE SMAPI]    task complete.
[10:42:29 TRACE SMAPI] Content Patcher loaded asset 'Fonts/Vietnamese' (for the 'Stardew Valley — VN Revival Languages' content pack).
[10:42:29 TRACE SMAPI] Content Patcher loaded asset 'Fonts/Vietnamese_0' (for the 'Stardew Valley — VN Revival Languages' content pack).
[10:42:32 TRACE SMAPI] Content Patcher edited Data/Furniture (for the 'Stardew Valley — VN Revival Languages' content pack).
[10:42:32 TRACE SMAPI] Content Patcher edited Data/Boots (for the 'Stardew Valley — VN Revival Languages' content pack).
[10:42:32 TRACE SMAPI] Content Patcher edited Data/hats (for the 'Stardew Valley — VN Revival Languages' content pack).
[10:42:32 TRACE SMAPI] Content Patcher edited Strings/Tools (for the 'Stardew Valley — VN Revival Languages' content pack).
[10:42:32 TRACE SMAPI] Content Patcher edited Strings/Weapons (for the 'Stardew Valley — VN Revival Languages' content pack).
[10:42:32 TRACE SMAPI] Content Patcher edited Strings/UI (for the 'Stardew Valley — VN Revival Languages' content pack).
[10:42:32 TRACE SMAPI] Content Patcher edited Strings/1_6_Strings (for the 'Stardew Valley — VN Revival Languages' content pack).
[10:42:32 TRACE SMAPI] Content Patcher edited Data/HairData (for the 'Stardew Valley — VN Revival Languages' content pack).
[10:42:32 TRACE SMAPI] Content Patcher edited Strings/Shirts (for the 'Stardew Valley — VN Revival Languages' content pack).
[10:42:32 TRACE SMAPI] Content Patcher edited Strings/Pants (for the 'Stardew Valley — VN Revival Languages' content pack).
[10:42:32 TRACE VN Revival Language Switcher] Native back label enabled for vi-vnrevival; bounds 198x81, source 66x27, scale 3/3, overlay 0.75.
[10:42:49 TRACE game] Window_ClientSizeChanged(); Window.ClientBounds={X:0 Y:0 Width:2560 Height:1600}
[10:42:49 TRACE game] Window_ClientSizeChanged(); Window.ClientBounds={X:0 Y:0 Width:2560 Height:1600}
[10:43:00 TRACE SMAPI] Synchronizing 'Find Save Games' task...
[10:43:01 TRACE SMAPI]    task complete.
[10:43:01 TRACE game] Window_ClientSizeChanged(); Window.ClientBounds={X:0 Y:0 Width:2560 Height:1600}
[10:43:06 TRACE game] gameMode was 'titleScreenGameMode (0)', set to 'loadingMode (6)'.
[10:43:06 TRACE SMAPI] Game loader synchronizing...
[10:43:06 TRACE game] getLoadEnumerator('zc_448908119')
[10:43:06 TRACE SMAPI] Synchronizing 'Load_ReadSave' task...
[10:43:08 TRACE SMAPI] Content Patcher edited Strings/BigCraftables (for the 'Stardew Valley — VN Revival Languages' content pack).
[10:43:08 TRACE SMAPI] Content Patcher edited Data/Festivals/FestivalDates (for the 'Stardew Valley — VN Revival Languages' content pack).
[10:43:09 TRACE SMAPI] Content Patcher edited Strings/NPCNames (for the 'Stardew Valley — VN Revival Languages' content pack).
[10:43:09 TRACE SMAPI] Content Patcher edited Data/Bundles (for the 'Stardew Valley — VN Revival Languages' content pack).
[10:43:09 TRACE SMAPI] Content Patcher edited Strings/Objects (for the 'Stardew Valley — VN Revival Languages' content pack).
[10:43:09 TRACE SMAPI]    task complete.
[10:43:09 TRACE SMAPI] Content Patcher edited Data/Festivals/FestivalDates (for the 'Stardew Valley — VN Revival Languages' content pack).
[10:43:09 TRACE SMAPI] Synchronizing 'Load_LoadForNewGame' task...
[10:43:10 TRACE SMAPI] Content Patcher edited Strings/Furniture (for the 'Stardew Valley — VN Revival Languages' content pack).
[10:43:10 TRACE SMAPI] Content Patcher edited Data/Fish (for the 'Stardew Valley — VN Revival Languages' content pack).
[10:43:11 TRACE SMAPI] Content Patcher edited Data/Quests (for the 'Stardew Valley — VN Revival Languages' content pack).
[10:43:11 TRACE SMAPI]    task complete.
[10:43:11 TRACE SMAPI] Synchronizing 'Load_Farmer' task...
[10:43:11 TRACE SMAPI]    task complete.
[10:43:11 TRACE SMAPI] Synchronizing 'Load_Locations' task...
[10:43:11 TRACE SMAPI] Content Patcher edited Data/ChairTiles (for the 'Stardew Valley — VN Revival Languages' content pack).
[10:43:12 TRACE SMAPI]    task complete.
[10:43:12 TRACE game] gameMode was 'loadingMode (6)', set to 'playingGameMode (3)'.
[10:43:12 TRACE game] getLoadEnumerator() exited, elapsed = '00:00:05.5462607'
[10:43:12 TRACE SMAPI] Content Patcher edited Data/Events/FarmHouse (for the 'Stardew Valley — VN Revival Languages' content pack).
[10:43:12 TRACE game] setGameMode( 'playingGameMode (3)' )
[10:43:12 TRACE SMAPI] Game loader done.
[10:43:12 TRACE SMAPI] Content Patcher edited Data/Festivals/FestivalDates (for the 'Stardew Valley — VN Revival Languages' content pack).
[10:43:12 TRACE game] Window_ClientSizeChanged(); Window.ClientBounds={X:0 Y:0 Width:2560 Height:1600}
[10:43:12 TRACE SMAPI] Context: loaded save 'zc_448908119', starting spring 1 Y1, locale set to vi-vnrevival. Single-player.
[10:43:12 INFO  VN Revival Visual QA Driver] Invoking QuickSave.Lib.Main.TryLoad() for visual QA.
[10:43:12 DEBUG QuickSave] Loading Savefile: /Users/antonkrutov/.config/StardewValley/Saves/zc_448908119/Quicksave
[10:43:13 TRACE game] gameMode was 'playingGameMode (3)', set to 'loadingMode (6)'.
[10:43:13 TRACE SMAPI] Game loader synchronizing...
[10:43:13 TRACE game] getLoadEnumerator('/Users/antonkrutov/.config/StardewValley/Saves/zc_448908119/Quicksave')
[10:43:13 TRACE SMAPI] Synchronizing 'Load_ReadSave' task...
[10:43:13 TRACE SMAPI] Content Patcher edited Strings/BundleNames (for the 'Stardew Valley — VN Revival Languages' content pack).
[10:43:13 TRACE SMAPI]    task complete.
[10:43:13 TRACE SMAPI] Synchronizing 'Load_LoadForNewGame' task...
[10:43:13 TRACE SMAPI]    task complete.
[10:43:13 TRACE SMAPI] Synchronizing 'Load_Farmer' task...
[10:43:13 TRACE SMAPI]    task complete.
[10:43:13 TRACE SMAPI] Synchronizing 'Load_Locations' task...
[10:43:14 TRACE SMAPI]    task complete.
[10:43:14 TRACE game] gameMode was 'loadingMode (6)', set to 'playingGameMode (3)'.
[10:43:14 TRACE game] getLoadEnumerator() exited, elapsed = '00:00:00.9880725'
[10:43:14 TRACE SMAPI] Content Patcher edited Data/Events/SeedShop (for the 'Stardew Valley — VN Revival Languages' content pack).
[10:43:14 TRACE game] setGameMode( 'playingGameMode (3)' )
[10:43:14 TRACE SMAPI] Game loader done.
[10:43:14 TRACE SMAPI] Context: loaded save 'zc_448908119', starting spring 1 Y1, locale set to vi-vnrevival. Single-player.
[10:43:14 TRACE SMAPI] Content Patcher edited Data/animationDescriptions (for the 'Stardew Valley — VN Revival Languages' content pack).
[10:43:14 TRACE SMAPI] Content Patcher edited Data/Festivals/FestivalDates (for the 'Stardew Valley — VN Revival Languages' content pack).
[10:43:14 TRACE QuickSave] Savefile loaded in 1058ms
[10:43:14 TRACE QuickSave] SaveName matches old = True| Old: zc - New: zc
[10:43:14 TRACE QuickSave] UniqueId matches old = True| Old: 448908119 - New: 448908119
[10:43:14 TRACE SMAPI] Content Patcher edited Characters/Dialogue/Shane (for the 'Stardew Valley — VN Revival Languages' content pack).
[10:43:14 TRACE SMAPI] Content Patcher edited Characters/Dialogue/Marnie (for the 'Stardew Valley — VN Revival Languages' content pack).
[10:43:14 TRACE SMAPI] Content Patcher edited Characters/Dialogue/Vincent (for the 'Stardew Valley — VN Revival Languages' content pack).
[10:43:14 TRACE SMAPI] Content Patcher edited Characters/Dialogue/Abigail (for the 'Stardew Valley — VN Revival Languages' content pack).
[10:43:14 TRACE QuickSave] Loading finished in 1661ms
[10:43:14 TRACE game] Window_ClientSizeChanged(); Window.ClientBounds={X:0 Y:0 Width:2560 Height:1600}
[10:43:21 TRACE SMAPI] Content Patcher edited Characters/Dialogue/Elliott (for the 'Stardew Valley — VN Revival Languages' content pack).
[10:43:21 TRACE SMAPI] Content Patcher edited Characters/Dialogue/Demetrius (for the 'Stardew Valley — VN Revival Languages' content pack).
[10:43:21 TRACE SMAPI] Content Patcher edited Characters/Dialogue/Wizard (for the 'Stardew Valley — VN Revival Languages' content pack).
[10:43:21 TRACE SMAPI] Content Patcher edited Characters/Dialogue/Jas (for the 'Stardew Valley — VN Revival Languages' content pack).
[10:43:21 TRACE SMAPI] Content Patcher edited Characters/Dialogue/Leah (for the 'Stardew Valley — VN Revival Languages' content pack).
[10:43:21 TRACE SMAPI] Content Patcher edited Characters/Dialogue/Dwarf (for the 'Stardew Valley — VN Revival Languages' content pack).
[10:43:21 TRACE SMAPI] Content Patcher edited Characters/Dialogue/Krobus (for the 'Stardew Valley — VN Revival Languages' content pack).
[10:43:21 TRACE SMAPI] Content Patcher edited Characters/Dialogue/Gus (for the 'Stardew Valley — VN Revival Languages' content pack).
[10:43:24 TRACE SMAPI] Content Patcher edited Data/mail (for the 'Stardew Valley — VN Revival Languages' content pack).
[10:43:24 TRACE VN Revival Visual QA Driver] Opened inventory for visual QA.
[10:43:24 TRACE game] Window_ClientSizeChanged(); Window.ClientBounds={X:0 Y:0 Width:2560 Height:1600}
[10:43:33 TRACE VN Revival Visual QA Driver] Closed active menu for visual QA.
[10:43:35 TRACE VN Revival Visual QA Driver] Opened journal for visual QA.
