[19:52:02 INFO  SMAPI] SMAPI 4.5.2 with Stardew Valley 1.6.15 build 24356 on macOS Unix 26.6.2
[19:52:02 INFO  SMAPI] Mods go here: /private/tmp/bg-smapi-isolated/mods
[19:52:02 TRACE SMAPI] (Using custom --mods-path argument. Game folder: /Volumes/KINGSTONMAC/SteamLibrary/common/Stardew Valley/Contents/MacOS.)
[19:52:02 TRACE SMAPI] Log started at 2026-09-09T12:52:02 UTC
[19:52:11 DEBUG SMAPI] Waiting for game to launch...
[19:52:13 TRACE game] Instance_Initialize() finished, elapsed = '00:00:00.8096370'
[19:52:13 TRACE SMAPI] Scanning for malicious files...
[19:52:13 DEBUG SMAPI] Loading mod metadata...
[19:52:13 DEBUG SMAPI] Loading mods...
[19:52:13 TRACE SMAPI]    Content Patcher (from mods/ContentPatcher/ContentPatcher.dll, ID: Pathoschild.ContentPatcher, assembly version: 2.9.0)...
[19:52:14 TRACE SMAPI]    Stardew Valley — VN Revival Languages (from mods/[CP] VN Revival Languages, ID: VNRevival.StardewValleyTranslations) [content pack]...
[19:52:14 TRACE SMAPI]    VN Revival Language Switcher (from mods/[SMAPI] VN Revival Language Switcher/VNRevival.LanguageSwitcher.dll, ID: VNRevival.LanguageSwitcher, assembly version: 1.7.0)...
[19:52:14 TRACE SMAPI]       Detected game patcher in assembly VNRevival.LanguageSwitcher.dll.
[19:52:14 INFO  SMAPI] Loaded 2 mods:
[19:52:14 INFO  SMAPI]    Content Patcher 2.9.0 by Pathoschild | Loads content packs which edit game data, images, and maps without changing the game files.
[19:52:14 INFO  SMAPI]    VN Revival Language Switcher 1.7.0 by VN Revival | Fixes direct custom-language switching, supplies Dutch articles, suppresses Bulgarian articles, applies Serbian grammar, and renders Persian, Arabic, and Hebrew text.

[19:52:14 INFO  SMAPI] Loaded 1 content packs:
[19:52:14 INFO  SMAPI]    Stardew Valley — VN Revival Languages 1.14.0 by VN Revival | for Content Patcher | Adds Russian, Serbian, Polish, Ukrainian, Vietnamese, Swahili, Persian, Arabic, Indonesian, Filipino, Dutch, Hindi, Traditional Chinese, Romanian, Hebrew, and Bulgarian as separate VN Revival languages in Stardew Valley.

[19:52:14 INFO  SMAPI]    Patched game code
[19:52:14 INFO  SMAPI]    --------------------------------------------------
[19:52:14 INFO  SMAPI]       These mods directly change the game code. They're more likely to cause errors or bugs in-game; if
[19:52:14 INFO  SMAPI]       your game has issues, try removing these first. Otherwise you can ignore this warning.

[19:52:14 INFO  SMAPI]       - VN Revival Language Switcher

[19:52:14 DEBUG SMAPI]    No update keys
[19:52:14 DEBUG SMAPI]    --------------------------------------------------
[19:52:14 DEBUG SMAPI]       These mods have no update keys in their manifest. SMAPI may not notify you about updates for these
[19:52:14 DEBUG SMAPI]       mods. Consider notifying the mod authors about this problem.

[19:52:14 DEBUG SMAPI]       - Stardew Valley — VN Revival Languages
[19:52:14 DEBUG SMAPI]       - VN Revival Language Switcher

[19:52:14 DEBUG SMAPI] Launching mods...
[19:52:14 TRACE SMAPI]    Found mod-provided API (ContentPatcher.Framework.ContentPatcherAPI).
[19:52:15 TRACE VN Revival Language Switcher] Persian, Arabic, and Hebrew shaping/bidi adapters enabled for 15 text methods.
[19:52:15 DEBUG SMAPI] Mods loaded and ready!
[19:52:15 TRACE SMAPI] Checking for updates...
[19:52:16 TRACE game] setGameMode( 'titleScreenGameMode (0)' )
[19:52:16 TRACE game] Instance_LoadContent() finished, elapsed = '00:00:03.4818704'
[19:52:16 ERROR game] Oops! Steam achievements won't work because Steam isn't loaded. You can launch the game through Steam to fix that.
[19:52:16 INFO  SMAPI] Type 'help' for help, or 'help <cmd>' for a command's usage
[19:52:16 TRACE game] Registered trigger action handler 'Pathoschild.ContentPatcher_MigrateIds'.
[19:52:17 TRACE SMAPI]    SMAPI okay.
[19:52:17 TRACE SMAPI]    Checking for updates to 3 mods...

[19:52:17 ALERT SMAPI] You can update 1 mod:
[19:52:17 ALERT SMAPI]    Content Patcher 2.9.1: https://www.nexusmods.com/stardewvalley/mods/1915 (you have 2.9.0)
[19:52:18 TRACE SMAPI]    Mod blacklist OK.
[19:52:23 TRACE Content Patcher] Requested cache invalidation for all assets matching a predicate.
[19:52:23 TRACE game] Successfully loaded ContentHashes.json containing 3560 file(s);
[19:52:23 TRACE game] EnsureManifestInitialized() finished, elapsed = '00:00:00.0327562'
[19:52:23 TRACE SMAPI] Invalidated 3 asset names (Fonts/SmallFont, Fonts/SpriteFont1, Minigames/TitleButtons).
Propagated 3 core assets (Fonts/SmallFont, Fonts/SpriteFont1, Minigames/TitleButtons).
[19:52:24 TRACE SMAPI] Content Patcher edited Data/AdditionalLanguages (for the 'Stardew Valley — VN Revival Languages' content pack).
[19:52:24 TRACE game] LocalizedContentManager.CurrentLanguageCode CHANGING from 'en' to 'mod'
[19:52:24 TRACE Content Patcher] Requested cache invalidation for all assets matching a predicate.
[19:52:24 TRACE SMAPI] Content Patcher edited Data/Characters (for the 'Stardew Valley — VN Revival Languages' content pack).
[19:52:24 TRACE SMAPI] Content Patcher edited Data/Achievements (for the 'Stardew Valley — VN Revival Languages' content pack).
[19:52:24 TRACE SMAPI] Content Patcher edited Data/Buildings (for the 'Stardew Valley — VN Revival Languages' content pack).
[19:52:24 TRACE SMAPI] Content Patcher edited Data/Pets (for the 'Stardew Valley — VN Revival Languages' content pack).
[19:52:24 TRACE SMAPI] Content Patcher edited Data/NPCGiftTastes (for the 'Stardew Valley — VN Revival Languages' content pack).
[19:52:24 TRACE SMAPI] Content Patcher edited Data/CraftingRecipes (for the 'Stardew Valley — VN Revival Languages' content pack).
[19:52:24 TRACE SMAPI] Content Patcher edited Data/CookingRecipes (for the 'Stardew Valley — VN Revival Languages' content pack).
[19:52:24 TRACE SMAPI] Content Patcher edited Data/JukeboxTracks (for the 'Stardew Valley — VN Revival Languages' content pack).
[19:52:24 TRACE SMAPI] Content Patcher edited Strings/StringsFromCSFiles (for the 'Stardew Valley — VN Revival Languages' content pack).
[19:52:24 TRACE SMAPI] Invalidated 14 asset names (Data/Achievements, Data/Boots, Data/Buildings, Data/Characters, Data/CookingRecipes, Data/CraftingRecipes, Data/Furniture, Data/hats, Data/JukeboxTracks, Data/NPCGiftTastes, Data/Pets, Strings/StringsFromCSFiles, Strings/Tools, Strings/Weapons).
Propagated 12 core assets (Data/Achievements, Data/Boots, Data/Buildings, Data/Characters, Data/CookingRecipes, Data/CraftingRecipes, Data/Furniture, Data/hats, Data/JukeboxTracks, Data/NPCGiftTastes, Data/Pets, Strings/StringsFromCSFiles).
[19:52:24 TRACE SMAPI] Content Patcher loaded asset 'Fonts/SpriteFont1.bg-vnrevival' (for the 'Stardew Valley — VN Revival Languages' content pack).
[19:52:24 TRACE SMAPI] Content Patcher loaded asset 'Fonts/SmallFont.bg-vnrevival' (for the 'Stardew Valley — VN Revival Languages' content pack).
[19:52:24 TRACE SMAPI] Content Patcher loaded asset 'Minigames/TitleButtons.bg-vnrevival' (for the 'Stardew Valley — VN Revival Languages' content pack).
[19:52:24 TRACE SMAPI] Content Patcher edited Strings/StringsFromCSFiles (for the 'Stardew Valley — VN Revival Languages' content pack).
[19:52:24 TRACE game] LocalizedContentManager.CurrentLanguageCode CHANGED from 'en' to 'mod'
[19:52:24 TRACE SMAPI] Context: locale set to mod (bg-vnrevival).
[19:52:24 TRACE game] Window_ClientSizeChanged(); Window.ClientBounds={X:80 Y:90 Width:1280 Height:720}
[19:52:33 TRACE SMAPI] Content Patcher loaded asset 'Minigames/TitleButtons.bg-vnrevival' (for the 'Stardew Valley — VN Revival Languages' content pack).
[19:52:35 TRACE SMAPI] Content Patcher loaded asset 'Mods/VNRevival.StardewValleyTranslations/ButtonRussian' (for the 'Stardew Valley — VN Revival Languages' content pack).
[19:52:35 TRACE SMAPI] Content Patcher loaded asset 'Mods/VNRevival.StardewValleyTranslations/ButtonSerbian' (for the 'Stardew Valley — VN Revival Languages' content pack).
[19:52:35 TRACE SMAPI] Content Patcher loaded asset 'Mods/VNRevival.StardewValleyTranslations/ButtonPolish' (for the 'Stardew Valley — VN Revival Languages' content pack).
[19:52:35 TRACE SMAPI] Content Patcher loaded asset 'Mods/VNRevival.StardewValleyTranslations/ButtonUkrainian' (for the 'Stardew Valley — VN Revival Languages' content pack).
[19:52:35 TRACE SMAPI] Content Patcher loaded asset 'Mods/VNRevival.StardewValleyTranslations/ButtonVietnamese' (for the 'Stardew Valley — VN Revival Languages' content pack).
[19:52:35 TRACE SMAPI] Content Patcher loaded asset 'Mods/VNRevival.StardewValleyTranslations/ButtonSwahili' (for the 'Stardew Valley — VN Revival Languages' content pack).
[19:52:35 TRACE SMAPI] Content Patcher loaded asset 'Mods/VNRevival.StardewValleyTranslations/ButtonPersian' (for the 'Stardew Valley — VN Revival Languages' content pack).
[19:52:35 TRACE SMAPI] Content Patcher loaded asset 'Mods/VNRevival.StardewValleyTranslations/ButtonArabic' (for the 'Stardew Valley — VN Revival Languages' content pack).
[19:52:35 TRACE SMAPI] Content Patcher loaded asset 'Mods/VNRevival.StardewValleyTranslations/ButtonIndonesian' (for the 'Stardew Valley — VN Revival Languages' content pack).
[19:52:35 TRACE SMAPI] Content Patcher loaded asset 'Mods/VNRevival.StardewValleyTranslations/ButtonFilipino' (for the 'Stardew Valley — VN Revival Languages' content pack).
[19:52:35 TRACE SMAPI] Content Patcher loaded asset 'Mods/VNRevival.StardewValleyTranslations/ButtonDutch' (for the 'Stardew Valley — VN Revival Languages' content pack).
[19:52:35 TRACE SMAPI] Content Patcher loaded asset 'Mods/VNRevival.StardewValleyTranslations/ButtonHindi' (for the 'Stardew Valley — VN Revival Languages' content pack).
[19:52:35 TRACE SMAPI] Content Patcher loaded asset 'Mods/VNRevival.StardewValleyTranslations/ButtonTraditionalChinese' (for the 'Stardew Valley — VN Revival Languages' content pack).
[19:52:35 TRACE SMAPI] Content Patcher loaded asset 'Mods/VNRevival.StardewValleyTranslations/ButtonRomanian' (for the 'Stardew Valley — VN Revival Languages' content pack).
[19:52:35 TRACE SMAPI] Content Patcher loaded asset 'Mods/VNRevival.StardewValleyTranslations/ButtonHebrew' (for the 'Stardew Valley — VN Revival Languages' content pack).
[19:52:35 TRACE SMAPI] Content Patcher loaded asset 'Mods/VNRevival.StardewValleyTranslations/ButtonBulgarian' (for the 'Stardew Valley — VN Revival Languages' content pack).
[19:52:50 TRACE SMAPI] Content Patcher edited Data/Furniture (for the 'Stardew Valley — VN Revival Languages' content pack).
[19:52:50 TRACE SMAPI] Content Patcher edited Data/Boots (for the 'Stardew Valley — VN Revival Languages' content pack).
[19:52:50 TRACE SMAPI] Content Patcher edited Data/hats (for the 'Stardew Valley — VN Revival Languages' content pack).
[19:52:50 TRACE SMAPI] Content Patcher edited Strings/Tools (for the 'Stardew Valley — VN Revival Languages' content pack).
[19:52:50 TRACE SMAPI] Content Patcher edited Strings/Weapons (for the 'Stardew Valley — VN Revival Languages' content pack).
[19:52:50 TRACE game] Window_ClientSizeChanged(); Window.ClientBounds={X:80 Y:90 Width:1280 Height:720}
[19:52:50 TRACE game] Window_ClientSizeChanged(); Window.ClientBounds={X:80 Y:90 Width:1280 Height:720}
[19:52:52 TRACE game] Disconnected: ClosedGame
[19:52:52 TRACE SMAPI] Disposing...
[19:52:52 TRACE SMAPI] Disposing the content coordinator. Content managers will no longer be usable after this point.
