[02:33:32 INFO  SMAPI] SMAPI 4.5.2 with Stardew Valley 1.6.15 build 24356 on macOS Unix 26.6.2
[02:33:32 INFO  SMAPI] Mods go here: /Volumes/KINGSTONMAC/SteamLibrary/common/Stardew Valley/Contents/MacOS/Mods
[02:33:32 TRACE SMAPI] Log started at 2026-09-12T19:33:32 UTC
[02:33:51 DEBUG SMAPI] Waiting for game to launch...
[02:33:54 TRACE game] Instance_Initialize() finished, elapsed = '00:00:01.7416600'
[02:33:55 TRACE SMAPI] Scanning for malicious files...
[02:33:55 DEBUG SMAPI] Loading mod metadata...
[02:33:55 DEBUG SMAPI] Loading mods...
[02:33:56 TRACE SMAPI]    Console Commands (from Mods/ConsoleCommands/ConsoleCommands.dll, ID: SMAPI.ConsoleCommands, assembly version: 4.5.2)...
[02:33:57 TRACE SMAPI]    QuickSave (from Mods/QuickSave/QuickSave.dll, ID: DLX.QuickSave, assembly version: 1.0.0)...
[02:33:57 TRACE SMAPI]       Detected game patcher in assembly QuickSave.dll.
[02:33:57 TRACE SMAPI]       Detected possible save serializer change (StardewValley.SaveGame.farmerSerializer field, StardewValley.SaveGame.serializer field) in assembly QuickSave.dll.
[02:33:57 TRACE SMAPI]    Save Backup (from Mods/SaveBackup/SaveBackup.dll, ID: SMAPI.SaveBackup, assembly version: 4.5.2)...
[02:33:57 TRACE SMAPI]       Detected direct console access (System.Console type) in assembly SaveBackup.dll.
[02:33:57 TRACE SMAPI]    Content Patcher (from Mods/ContentPatcher/ContentPatcher.dll, ID: Pathoschild.ContentPatcher, assembly version: 2.9.1)...
[02:33:58 TRACE SMAPI]    Stardew Valley — VN Revival Languages (from Mods/[CP] VN Revival Languages, ID: VNRevival.StardewValleyTranslations) [content pack]...
[02:33:58 TRACE SMAPI]    VN Revival Language Switcher (from Mods/[SMAPI] VN Revival Language Switcher/VNRevival.LanguageSwitcher.dll, ID: VNRevival.LanguageSwitcher, assembly version: 1.9.13)...
[02:33:58 TRACE SMAPI]       Detected game patcher in assembly VNRevival.LanguageSwitcher.dll.
[02:33:58 TRACE SMAPI]    VN Revival Small Game Updater (from Mods/VN Revival Small Game Updater/VNRevival.SmallGameUpdater.dll, ID: VNRevival.SmallGameUpdater, assembly version: 1.0.0)...
[02:33:58 INFO  SMAPI] Loaded 6 mods:
[02:33:58 INFO  SMAPI]    Console Commands 4.5.2 by SMAPI | Adds SMAPI console commands that let you manipulate the game.
[02:33:58 INFO  SMAPI]    Content Patcher 2.9.1 by Pathoschild | Loads content packs which edit game data, images, and maps without changing the game files.
[02:33:58 INFO  SMAPI]    QuickSave 1.5.0 by DeLiXx | F5 to Quicksave, F7 to Quickload
[02:33:58 INFO  SMAPI]    Save Backup 4.5.2 by SMAPI | Automatically backs up all your saves once per day into its folder.
[02:33:58 INFO  SMAPI]    VN Revival Language Switcher 1.9.13 by VN Revival | Fixes custom-language behavior and draws readable high-resolution labels on the title menu and developer card.
[02:33:58 INFO  SMAPI]    VN Revival Small Game Updater 1.0.0 by VN Revival | Checks VN Revival for translation updates and applies them before Content Patcher loads.

[02:33:58 INFO  SMAPI] Loaded 1 content packs:
[02:33:58 INFO  SMAPI]    Stardew Valley — VN Revival Languages 1.17.21 by VN Revival | for Content Patcher | Adds Russian, Serbian, Polish, Ukrainian, Vietnamese, Swahili, Persian, Arabic, Indonesian, Filipino, Dutch, Hindi, Traditional Chinese, Romanian, Hebrew, Bulgarian, Thai, Greek, and Czech as separate VN Revival languages in Stardew Valley.

[02:33:58 WARN  SMAPI]    Changed save serializer
[02:33:58 WARN  SMAPI]    --------------------------------------------------
[02:33:58 WARN  SMAPI]       These mods change the save serializer. They may corrupt your save files, or make them unusable if
[02:33:58 WARN  SMAPI]       you uninstall these mods.

[02:33:58 WARN  SMAPI]       - QuickSave

[02:33:58 INFO  SMAPI]    Patched game code
[02:33:58 INFO  SMAPI]    --------------------------------------------------
[02:33:58 INFO  SMAPI]       These mods directly change the game code. They're more likely to cause errors or bugs in-game; if
[02:33:58 INFO  SMAPI]       your game has issues, try removing these first. Otherwise you can ignore this warning.

[02:33:58 INFO  SMAPI]       - QuickSave
[02:33:58 INFO  SMAPI]       - VN Revival Language Switcher

[02:33:58 TRACE SMAPI]    Direct console access
[02:33:58 TRACE SMAPI]    --------------------------------------------------
[02:33:58 TRACE SMAPI]       These mods access the SMAPI console window directly. This is more fragile, and their output may not
[02:33:58 TRACE SMAPI]       be logged by SMAPI.

[02:33:58 TRACE SMAPI]       - Save Backup

[02:33:58 DEBUG SMAPI]    No update keys
[02:33:58 DEBUG SMAPI]    --------------------------------------------------
[02:33:58 DEBUG SMAPI]       These mods have no update keys in their manifest. SMAPI may not notify you about updates for these
[02:33:58 DEBUG SMAPI]       mods. Consider notifying the mod authors about this problem.

[02:33:58 DEBUG SMAPI]       - Stardew Valley — VN Revival Languages
[02:33:58 DEBUG SMAPI]       - VN Revival Language Switcher
[02:33:58 DEBUG SMAPI]       - VN Revival Small Game Updater

[02:33:59 DEBUG SMAPI] Launching mods...
[02:33:59 TRACE SMAPI]    Found mod-provided API (QuickSave.API.QuickSaveAPI).
[02:33:59 TRACE Save Backup] Already backed up today.
[02:33:59 TRACE SMAPI]    Found mod-provided API (ContentPatcher.Framework.ContentPatcherAPI).
[02:34:00 TRACE VN Revival Language Switcher] Persian, Arabic, and Hebrew shaping/bidi adapters enabled for 15 text methods.
[02:34:00 DEBUG SMAPI] Mods loaded and ready!
[02:34:00 TRACE SMAPI] Checking for updates...
[02:34:04 TRACE game] setGameMode( 'titleScreenGameMode (0)' )
[02:34:05 TRACE SMAPI]    SMAPI okay.
[02:34:05 TRACE SMAPI]    Checking for updates to 5 mods...
[02:34:05 TRACE game] Instance_LoadContent() finished, elapsed = '00:00:10.4721098'
[02:34:05 TRACE SMAPI]    All mods up to date.
[02:34:05 TRACE game] Steam logged on: True
[02:34:05 TRACE game] Initializing GalaxySDK
[02:34:05 TRACE game] Requesting Steam app ticket
[02:34:06 INFO  SMAPI] Type 'help' for help, or 'help <cmd>' for a command's usage
[02:34:06 TRACE game] Signing into GalaxySDK
[02:34:06 TRACE SMAPI]    Mod blacklist OK.
[02:34:07 TRACE game] Registered trigger action handler 'Pathoschild.ContentPatcher_MigrateIds'.
[02:34:31 TRACE Content Patcher] Requested cache invalidation for all assets matching a predicate.
[02:34:31 TRACE game] Successfully loaded ContentHashes.json containing 3560 file(s);
[02:34:31 TRACE game] EnsureManifestInitialized() finished, elapsed = '00:00:00.0982702'
[02:34:31 TRACE SMAPI] Invalidated 3 asset names (Fonts/SmallFont, Fonts/SpriteFont1, Minigames/TitleButtons).
Propagated 3 core assets (Fonts/SmallFont, Fonts/SpriteFont1, Minigames/TitleButtons).
[02:34:31 TRACE game] Galaxy auth success
[02:34:31 TRACE game] Galaxy signed in
[02:34:31 TRACE game] Galaxy logged on
[02:34:32 TRACE SMAPI] Content Patcher edited Data/AdditionalLanguages (for the 'Stardew Valley — VN Revival Languages' content pack).
[02:34:32 TRACE game] LocalizedContentManager.CurrentLanguageCode CHANGING from 'en' to 'mod'
[02:34:32 TRACE Content Patcher] Requested cache invalidation for all assets matching a predicate.
[02:34:32 TRACE SMAPI] Content Patcher edited Data/Achievements (for the 'Stardew Valley — VN Revival Languages' content pack).
[02:34:32 TRACE SMAPI] Content Patcher edited Data/NPCGiftTastes (for the 'Stardew Valley — VN Revival Languages' content pack).
[02:34:32 TRACE SMAPI] Content Patcher edited Data/CraftingRecipes (for the 'Stardew Valley — VN Revival Languages' content pack).
[02:34:32 TRACE SMAPI] Content Patcher edited Data/CookingRecipes (for the 'Stardew Valley — VN Revival Languages' content pack).
[02:34:32 TRACE SMAPI] Content Patcher edited Strings/StringsFromCSFiles (for the 'Stardew Valley — VN Revival Languages' content pack).
[02:34:32 TRACE SMAPI] Invalidated 10 asset names (Data/Achievements, Data/Boots, Data/CookingRecipes, Data/CraftingRecipes, Data/Furniture, Data/hats, Data/NPCGiftTastes, Strings/StringsFromCSFiles, Strings/Tools, Strings/Weapons).
Propagated 8 core assets (Data/Achievements, Data/Boots, Data/CookingRecipes, Data/CraftingRecipes, Data/Furniture, Data/hats, Data/NPCGiftTastes, Strings/StringsFromCSFiles).
[02:34:32 TRACE SMAPI] Content Patcher loaded asset 'Fonts/SpriteFont1.ru-vnrevival' (for the 'Stardew Valley — VN Revival Languages' content pack).
[02:34:32 TRACE SMAPI] Content Patcher loaded asset 'Fonts/SmallFont.ru-vnrevival' (for the 'Stardew Valley — VN Revival Languages' content pack).
[02:34:32 TRACE SMAPI] Content Patcher loaded asset 'Minigames/TitleButtons.ru-vnrevival' (for the 'Stardew Valley — VN Revival Languages' content pack).
[02:34:32 TRACE SMAPI] Content Patcher edited Strings/StringsFromCSFiles (for the 'Stardew Valley — VN Revival Languages' content pack).
[02:34:32 TRACE game] LocalizedContentManager.CurrentLanguageCode CHANGED from 'en' to 'mod'
[02:34:32 TRACE SMAPI] Context: locale set to mod (ru-vnrevival).
[02:34:32 TRACE game] Window_ClientSizeChanged(); Window.ClientBounds={X:0 Y:0 Width:2560 Height:1600}
[02:34:32 TRACE VN Revival Language Switcher] Readable developer-card label enabled for ru-vnrevival; overlay 333x180, zoom 3, scale 1.
[02:34:33 TRACE game] Successfully set GOG Galaxy profile name.
[02:34:55 TRACE SMAPI] Content Patcher loaded asset 'Minigames/TitleButtons.ru-vnrevival' (for the 'Stardew Valley — VN Revival Languages' content pack).
[02:34:55 TRACE VN Revival Language Switcher] Centered high-resolution title labels enabled for ru-vnrevival; button bounds: 800,1402 222x174 scale 3/3, 1046,1402 222x174 scale 3/3, 1292,1402 222x174 scale 3/3, 1538,1402 222x174 scale 3/3.
[02:36:07 TRACE SMAPI] Content Patcher loaded asset 'Mods/VNRevival.StardewValleyTranslations/ButtonRussian' (for the 'Stardew Valley — VN Revival Languages' content pack).
[02:36:07 TRACE SMAPI] Content Patcher loaded asset 'Mods/VNRevival.StardewValleyTranslations/ButtonSerbian' (for the 'Stardew Valley — VN Revival Languages' content pack).
[02:36:07 TRACE SMAPI] Content Patcher loaded asset 'Mods/VNRevival.StardewValleyTranslations/ButtonPolish' (for the 'Stardew Valley — VN Revival Languages' content pack).
[02:36:07 TRACE SMAPI] Content Patcher loaded asset 'Mods/VNRevival.StardewValleyTranslations/ButtonUkrainian' (for the 'Stardew Valley — VN Revival Languages' content pack).
[02:36:07 TRACE SMAPI] Content Patcher loaded asset 'Mods/VNRevival.StardewValleyTranslations/ButtonVietnamese' (for the 'Stardew Valley — VN Revival Languages' content pack).
[02:36:07 TRACE SMAPI] Content Patcher loaded asset 'Mods/VNRevival.StardewValleyTranslations/ButtonSwahili' (for the 'Stardew Valley — VN Revival Languages' content pack).
[02:36:07 TRACE SMAPI] Content Patcher loaded asset 'Mods/VNRevival.StardewValleyTranslations/ButtonPersian' (for the 'Stardew Valley — VN Revival Languages' content pack).
[02:36:07 TRACE SMAPI] Content Patcher loaded asset 'Mods/VNRevival.StardewValleyTranslations/ButtonArabic' (for the 'Stardew Valley — VN Revival Languages' content pack).
[02:36:07 TRACE SMAPI] Content Patcher loaded asset 'Mods/VNRevival.StardewValleyTranslations/ButtonIndonesian' (for the 'Stardew Valley — VN Revival Languages' content pack).
[02:36:07 TRACE SMAPI] Content Patcher loaded asset 'Mods/VNRevival.StardewValleyTranslations/ButtonFilipino' (for the 'Stardew Valley — VN Revival Languages' content pack).
[02:36:07 TRACE SMAPI] Content Patcher loaded asset 'Mods/VNRevival.StardewValleyTranslations/ButtonDutch' (for the 'Stardew Valley — VN Revival Languages' content pack).
[02:36:07 TRACE SMAPI] Content Patcher loaded asset 'Mods/VNRevival.StardewValleyTranslations/ButtonHindi' (for the 'Stardew Valley — VN Revival Languages' content pack).
[02:36:07 TRACE SMAPI] Content Patcher loaded asset 'Mods/VNRevival.StardewValleyTranslations/ButtonTraditionalChinese' (for the 'Stardew Valley — VN Revival Languages' content pack).
[02:36:07 TRACE SMAPI] Content Patcher loaded asset 'Mods/VNRevival.StardewValleyTranslations/ButtonRomanian' (for the 'Stardew Valley — VN Revival Languages' content pack).
[02:36:07 TRACE SMAPI] Content Patcher loaded asset 'Mods/VNRevival.StardewValleyTranslations/ButtonHebrew' (for the 'Stardew Valley — VN Revival Languages' content pack).
[02:36:07 TRACE SMAPI] Content Patcher loaded asset 'Mods/VNRevival.StardewValleyTranslations/ButtonBulgarian' (for the 'Stardew Valley — VN Revival Languages' content pack).
[02:36:07 TRACE SMAPI] Content Patcher loaded asset 'Mods/VNRevival.StardewValleyTranslations/ButtonThai' (for the 'Stardew Valley — VN Revival Languages' content pack).
[02:36:07 TRACE SMAPI] Content Patcher loaded asset 'Mods/VNRevival.StardewValleyTranslations/ButtonGreek' (for the 'Stardew Valley — VN Revival Languages' content pack).
[02:36:07 TRACE SMAPI] Content Patcher loaded asset 'Mods/VNRevival.StardewValleyTranslations/ButtonCzech' (for the 'Stardew Valley — VN Revival Languages' content pack).
[02:36:07 TRACE VN Revival Language Switcher] Native back label enabled for ru-vnrevival; bounds 198x81, source 66x27, scale 3/3, overlay 0.75.
[02:37:09 TRACE SMAPI] Synchronizing 'Farm_SpaceCheck' task...
[02:37:09 TRACE SMAPI]    task complete.
[02:37:12 TRACE SMAPI] Content Patcher edited Data/Furniture (for the 'Stardew Valley — VN Revival Languages' content pack).
[02:37:12 TRACE SMAPI] Content Patcher edited Data/Boots (for the 'Stardew Valley — VN Revival Languages' content pack).
[02:37:12 TRACE SMAPI] Content Patcher edited Data/hats (for the 'Stardew Valley — VN Revival Languages' content pack).
[02:37:12 TRACE SMAPI] Content Patcher edited Strings/Tools (for the 'Stardew Valley — VN Revival Languages' content pack).
[02:37:12 TRACE SMAPI] Content Patcher edited Strings/Weapons (for the 'Stardew Valley — VN Revival Languages' content pack).
[02:37:12 TRACE SMAPI] Content Patcher edited Strings/UI (for the 'Stardew Valley — VN Revival Languages' content pack).
[02:37:12 TRACE SMAPI] Content Patcher edited Strings/1_6_Strings (for the 'Stardew Valley — VN Revival Languages' content pack).
[02:37:12 TRACE SMAPI] Content Patcher edited Data/HairData (for the 'Stardew Valley — VN Revival Languages' content pack).
[02:37:12 TRACE SMAPI] Content Patcher edited Strings/Shirts (for the 'Stardew Valley — VN Revival Languages' content pack).
[02:37:12 TRACE SMAPI] Content Patcher edited Strings/Pants (for the 'Stardew Valley — VN Revival Languages' content pack).
[02:37:38 TRACE game] Window_ClientSizeChanged(); Window.ClientBounds={X:0 Y:0 Width:2560 Height:1600}
[02:37:38 TRACE game] Window_ClientSizeChanged(); Window.ClientBounds={X:0 Y:0 Width:2560 Height:1600}
[02:38:10 TRACE SMAPI] Synchronizing 'Find Save Games' task...
[02:38:11 TRACE SMAPI]    task complete.
[02:38:12 TRACE game] Window_ClientSizeChanged(); Window.ClientBounds={X:0 Y:0 Width:2560 Height:1600}
[02:38:39 TRACE game] gameMode was 'titleScreenGameMode (0)', set to 'loadingMode (6)'.
[02:38:39 TRACE SMAPI] Game loader synchronizing...
[02:38:39 TRACE game] getLoadEnumerator('zc_448908119')
[02:38:39 TRACE SMAPI] Synchronizing 'Load_ReadSave' task...
[02:38:40 TRACE SMAPI] Content Patcher edited Strings/BigCraftables (for the 'Stardew Valley — VN Revival Languages' content pack).
[02:38:40 TRACE SMAPI] Content Patcher edited Data/Festivals/FestivalDates (for the 'Stardew Valley — VN Revival Languages' content pack).
[02:38:41 TRACE SMAPI] Content Patcher edited Strings/NPCNames (for the 'Stardew Valley — VN Revival Languages' content pack).
[02:38:41 TRACE SMAPI] Content Patcher edited Data/Bundles (for the 'Stardew Valley — VN Revival Languages' content pack).
[02:38:41 TRACE SMAPI] Content Patcher edited Strings/Objects (for the 'Stardew Valley — VN Revival Languages' content pack).
[02:38:42 TRACE SMAPI]    task complete.
[02:38:42 TRACE SMAPI] Content Patcher edited Data/Festivals/FestivalDates (for the 'Stardew Valley — VN Revival Languages' content pack).
[02:38:42 TRACE SMAPI] Synchronizing 'Load_LoadForNewGame' task...
[02:38:42 TRACE SMAPI] Content Patcher edited Strings/Furniture (for the 'Stardew Valley — VN Revival Languages' content pack).
[02:38:42 TRACE SMAPI] Content Patcher edited Data/Fish (for the 'Stardew Valley — VN Revival Languages' content pack).
[02:38:43 TRACE SMAPI] Content Patcher edited Data/Quests (for the 'Stardew Valley — VN Revival Languages' content pack).
[02:38:43 TRACE SMAPI]    task complete.
[02:38:43 TRACE SMAPI] Synchronizing 'Load_Farmer' task...
[02:38:43 TRACE SMAPI]    task complete.
[02:38:43 TRACE SMAPI] Synchronizing 'Load_Locations' task...
[02:38:43 TRACE SMAPI] Content Patcher edited Data/ChairTiles (for the 'Stardew Valley — VN Revival Languages' content pack).
[02:38:44 TRACE SMAPI]    task complete.
[02:38:44 TRACE game] gameMode was 'loadingMode (6)', set to 'playingGameMode (3)'.
[02:38:44 TRACE game] getLoadEnumerator() exited, elapsed = '00:00:05.4304233'
[02:38:44 TRACE SMAPI] Content Patcher edited Data/Events/FarmHouse (for the 'Stardew Valley — VN Revival Languages' content pack).
[02:38:44 TRACE game] setGameMode( 'playingGameMode (3)' )
[02:38:44 TRACE SMAPI] Game loader done.
[02:38:45 TRACE SMAPI] Content Patcher edited Data/Festivals/FestivalDates (for the 'Stardew Valley — VN Revival Languages' content pack).
[02:38:45 TRACE game] Window_ClientSizeChanged(); Window.ClientBounds={X:0 Y:0 Width:2560 Height:1600}
[02:38:45 TRACE SMAPI] Context: loaded save 'zc_448908119', starting spring 1 Y1, locale set to ru-vnrevival. Single-player.
[02:38:52 TRACE SMAPI] Content Patcher edited Characters/Dialogue/Alex (for the 'Stardew Valley — VN Revival Languages' content pack).
[02:38:52 TRACE SMAPI] Content Patcher edited Characters/Dialogue/Vincent (for the 'Stardew Valley — VN Revival Languages' content pack).
[02:38:52 TRACE SMAPI] Content Patcher edited Characters/Dialogue/Abigail (for the 'Stardew Valley — VN Revival Languages' content pack).
[02:38:52 TRACE SMAPI] Content Patcher edited Characters/Dialogue/Caroline (for the 'Stardew Valley — VN Revival Languages' content pack).
[02:38:52 TRACE SMAPI] Content Patcher edited Characters/Dialogue/Elliott (for the 'Stardew Valley — VN Revival Languages' content pack).
[02:38:52 TRACE SMAPI] Content Patcher edited Characters/Dialogue/Robin (for the 'Stardew Valley — VN Revival Languages' content pack).
[02:38:59 TRACE SMAPI] Content Patcher edited Characters/Dialogue/Haley (for the 'Stardew Valley — VN Revival Languages' content pack).
[02:38:59 TRACE SMAPI] Content Patcher edited Characters/Dialogue/Gus (for the 'Stardew Valley — VN Revival Languages' content pack).
[02:38:59 TRACE SMAPI] Content Patcher edited Characters/Dialogue/Pam (for the 'Stardew Valley — VN Revival Languages' content pack).
[02:38:59 TRACE SMAPI] Content Patcher edited Characters/Dialogue/Penny (for the 'Stardew Valley — VN Revival Languages' content pack).
[02:38:59 TRACE SMAPI] Content Patcher edited Characters/Dialogue/Jas (for the 'Stardew Valley — VN Revival Languages' content pack).
[02:38:59 TRACE SMAPI] Content Patcher edited Characters/Dialogue/Shane (for the 'Stardew Valley — VN Revival Languages' content pack).
[02:38:59 TRACE SMAPI] Content Patcher edited Characters/Dialogue/Dwarf (for the 'Stardew Valley — VN Revival Languages' content pack).
[02:39:06 TRACE SMAPI] Content Patcher edited Characters/Dialogue/Evelyn (for the 'Stardew Valley — VN Revival Languages' content pack).
[02:39:06 TRACE SMAPI] Content Patcher edited Characters/Dialogue/George (for the 'Stardew Valley — VN Revival Languages' content pack).
[02:39:06 TRACE SMAPI] Content Patcher edited Characters/Dialogue/Linus (for the 'Stardew Valley — VN Revival Languages' content pack).
[02:39:06 TRACE SMAPI] Content Patcher edited Characters/Dialogue/Sandy (for the 'Stardew Valley — VN Revival Languages' content pack).
[02:39:13 TRACE SMAPI] Content Patcher edited Characters/Dialogue/Clint (for the 'Stardew Valley — VN Revival Languages' content pack).
[02:39:13 TRACE SMAPI] Content Patcher edited Characters/Dialogue/Marnie (for the 'Stardew Valley — VN Revival Languages' content pack).
[02:39:13 TRACE SMAPI] Content Patcher edited Characters/Dialogue/Mister Qi (for the 'Stardew Valley — VN Revival Languages' content pack).
[02:39:21 TRACE SMAPI] Content Patcher edited Characters/Dialogue/Maru (for the 'Stardew Valley — VN Revival Languages' content pack).
[02:39:21 TRACE SMAPI] Content Patcher edited Characters/Dialogue/Wizard (for the 'Stardew Valley — VN Revival Languages' content pack).
[02:39:28 TRACE SMAPI] Content Patcher edited Characters/Dialogue/Emily (for the 'Stardew Valley — VN Revival Languages' content pack).
[02:39:28 TRACE SMAPI] Content Patcher edited Characters/Dialogue/Pierre (for the 'Stardew Valley — VN Revival Languages' content pack).
[02:39:28 TRACE SMAPI] Content Patcher edited Characters/Dialogue/Harvey (for the 'Stardew Valley — VN Revival Languages' content pack).
[02:39:28 TRACE SMAPI] Content Patcher edited Data/animationDescriptions (for the 'Stardew Valley — VN Revival Languages' content pack).
[02:39:35 DEBUG QuickSave] Loading Savefile: /Users/antonkrutov/.config/StardewValley/Saves/zc_448908119/Quicksave
[02:39:35 TRACE game] gameMode was 'playingGameMode (3)', set to 'loadingMode (6)'.
[02:39:35 TRACE game] getLoadEnumerator('/Users/antonkrutov/.config/StardewValley/Saves/zc_448908119/Quicksave')
[02:39:36 TRACE SMAPI] Game loader synchronizing...
[02:39:36 TRACE SMAPI] Synchronizing 'Load_ReadSave' task...
[02:39:36 TRACE SMAPI] Content Patcher edited Strings/BundleNames (for the 'Stardew Valley — VN Revival Languages' content pack).
[02:39:36 TRACE SMAPI]    task complete.
[02:39:36 TRACE SMAPI] Synchronizing 'Load_LoadForNewGame' task...
[02:39:36 TRACE SMAPI]    task complete.
[02:39:36 TRACE SMAPI] Synchronizing 'Load_Farmer' task...
[02:39:36 TRACE SMAPI]    task complete.
[02:39:36 TRACE SMAPI] Synchronizing 'Load_Locations' task...
[02:39:36 TRACE SMAPI]    task complete.
[02:39:36 TRACE game] gameMode was 'loadingMode (6)', set to 'playingGameMode (3)'.
[02:39:36 TRACE game] getLoadEnumerator() exited, elapsed = '00:00:00.9630463'
[02:39:36 TRACE SMAPI] Content Patcher edited Data/Events/SeedShop (for the 'Stardew Valley — VN Revival Languages' content pack).
[02:39:36 TRACE game] setGameMode( 'playingGameMode (3)' )
[02:39:36 TRACE SMAPI] Game loader done.
[02:39:36 TRACE SMAPI] Context: loaded save 'zc_448908119', starting spring 1 Y1, locale set to ru-vnrevival. Single-player.
[02:39:37 TRACE SMAPI] Content Patcher edited Data/Festivals/FestivalDates (for the 'Stardew Valley — VN Revival Languages' content pack).
[02:39:37 TRACE QuickSave] Savefile loaded in 1022ms
[02:39:37 TRACE QuickSave] SaveName matches old = True| Old: zc - New: zc
[02:39:37 TRACE QuickSave] UniqueId matches old = True| Old: 448908119 - New: 448908119
[02:39:37 TRACE QuickSave] Loading finished in 1567ms
[02:39:37 TRACE game] Window_ClientSizeChanged(); Window.ClientBounds={X:0 Y:0 Width:2560 Height:1600}
[02:39:44 TRACE SMAPI] Content Patcher edited Characters/Dialogue/Demetrius (for the 'Stardew Valley — VN Revival Languages' content pack).
[02:39:44 TRACE SMAPI] Content Patcher edited Characters/Dialogue/Leah (for the 'Stardew Valley — VN Revival Languages' content pack).
[02:39:44 TRACE SMAPI] Content Patcher edited Characters/Dialogue/Krobus (for the 'Stardew Valley — VN Revival Languages' content pack).
[02:39:51 TRACE SMAPI] Content Patcher edited Characters/Dialogue/Sebastian (for the 'Stardew Valley — VN Revival Languages' content pack).
[02:40:06 TRACE SMAPI] Content Patcher edited Characters/Dialogue/Jodi (for the 'Stardew Valley — VN Revival Languages' content pack).
[02:40:20 TRACE SMAPI] Content Patcher edited Characters/Dialogue/Sam (for the 'Stardew Valley — VN Revival Languages' content pack).
[02:40:20 TRACE SMAPI] Content Patcher edited Characters/Dialogue/Lewis (for the 'Stardew Valley — VN Revival Languages' content pack).
[02:42:09 TRACE SMAPI] Content Patcher edited Data/mail (for the 'Stardew Valley — VN Revival Languages' content pack).
[02:42:09 TRACE game] Window_ClientSizeChanged(); Window.ClientBounds={X:0 Y:0 Width:2560 Height:1600}
[02:43:01 TRACE game] Window_ClientSizeChanged(); Window.ClientBounds={X:0 Y:0 Width:2560 Height:1600}
