[16:00:56 INFO  SMAPI] SMAPI 4.5.2 with Stardew Valley 1.6.15 build 24356 on macOS Unix 26.6.2
[16:00:56 INFO  SMAPI] Mods go here: /Volumes/KINGSTONMAC/SteamLibrary/common/Stardew Valley/Contents/MacOS/Mods
[16:00:56 TRACE SMAPI] Log started at 2026-09-13T09:00:56 UTC
[16:01:10 DEBUG SMAPI] Waiting for game to launch...
[16:01:12 TRACE game] Instance_Initialize() finished, elapsed = '00:00:01.1329874'
[16:01:12 TRACE SMAPI] Scanning for malicious files...
[16:01:12 DEBUG SMAPI] Loading mod metadata...
[16:01:13 DEBUG SMAPI] Loading mods...
[16:01:13 TRACE SMAPI]    Console Commands (from Mods/ConsoleCommands/ConsoleCommands.dll, ID: SMAPI.ConsoleCommands, assembly version: 4.5.2)...
[16:01:14 TRACE SMAPI]    QuickSave (from Mods/QuickSave/QuickSave.dll, ID: DLX.QuickSave, assembly version: 1.0.0)...
[16:01:14 TRACE SMAPI]       Detected game patcher in assembly QuickSave.dll.
[16:01:14 TRACE SMAPI]       Detected possible save serializer change (StardewValley.SaveGame.farmerSerializer field, StardewValley.SaveGame.serializer field) in assembly QuickSave.dll.
[16:01:14 TRACE SMAPI]    Save Backup (from Mods/SaveBackup/SaveBackup.dll, ID: SMAPI.SaveBackup, assembly version: 4.5.2)...
[16:01:14 TRACE SMAPI]       Detected direct console access (System.Console type) in assembly SaveBackup.dll.
[16:01:14 TRACE SMAPI]    Content Patcher (from Mods/ContentPatcher/ContentPatcher.dll, ID: Pathoschild.ContentPatcher, assembly version: 2.9.1)...
[16:01:15 TRACE SMAPI]    Stardew Valley — VN Revival Languages (from Mods/[CP] VN Revival Languages, ID: VNRevival.StardewValleyTranslations) [content pack]...
[16:01:15 TRACE SMAPI]    VN Revival Language Switcher (from Mods/[SMAPI] VN Revival Language Switcher/VNRevival.LanguageSwitcher.dll, ID: VNRevival.LanguageSwitcher, assembly version: 1.9.13)...
[16:01:15 TRACE SMAPI]       Detected game patcher in assembly VNRevival.LanguageSwitcher.dll.
[16:01:15 TRACE SMAPI]    VN Revival Visual QA Driver (from Mods/[SMAPI] VN Revival Visual QA Driver/VNRevival.VisualQADriver.dll, ID: VNRevival.VisualQADriver, assembly version: 0.0.0)...
[16:01:15 TRACE SMAPI]    VN Revival Small Game Updater (from Mods/VN Revival Small Game Updater/VNRevival.SmallGameUpdater.dll, ID: VNRevival.SmallGameUpdater, assembly version: 1.0.0)...
[16:01:15 INFO  SMAPI] Loaded 7 mods:
[16:01:15 INFO  SMAPI]    Console Commands 4.5.2 by SMAPI | Adds SMAPI console commands that let you manipulate the game.
[16:01:15 INFO  SMAPI]    Content Patcher 2.9.1 by Pathoschild | Loads content packs which edit game data, images, and maps without changing the game files.
[16:01:15 INFO  SMAPI]    QuickSave 1.5.0 by DeLiXx | F5 to Quicksave, F7 to Quickload
[16:01:15 INFO  SMAPI]    Save Backup 4.5.2 by SMAPI | Automatically backs up all your saves once per day into its folder.
[16:01:15 INFO  SMAPI]    VN Revival Language Switcher 1.9.13 by VN Revival | Fixes custom-language behavior and draws readable high-resolution labels on the title menu and developer card.
[16:01:15 INFO  SMAPI]    VN Revival Small Game Updater 1.0.0 by VN Revival | Checks VN Revival for translation updates and applies them before Content Patcher loads.
[16:01:15 INFO  SMAPI]    VN Revival Visual QA Driver 1.0.0 by VN Revival | Temporary local-only bridge which triggers QuickSave for automated visual QA.

[16:01:15 INFO  SMAPI] Loaded 1 content packs:
[16:01:15 INFO  SMAPI]    Stardew Valley — VN Revival Languages 1.17.23 by VN Revival | for Content Patcher | Adds Russian, Serbian, Polish, Ukrainian, Vietnamese, Swahili, Persian, Arabic, Indonesian, Filipino, Dutch, Hindi, Traditional Chinese, Romanian, Hebrew, Bulgarian, Thai, Greek, and Czech as separate VN Revival languages in Stardew Valley.

[16:01:15 WARN  SMAPI]    Changed save serializer
[16:01:15 WARN  SMAPI]    --------------------------------------------------
[16:01:15 WARN  SMAPI]       These mods change the save serializer. They may corrupt your save files, or make them unusable if
[16:01:15 WARN  SMAPI]       you uninstall these mods.

[16:01:15 WARN  SMAPI]       - QuickSave

[16:01:15 INFO  SMAPI]    Patched game code
[16:01:15 INFO  SMAPI]    --------------------------------------------------
[16:01:15 INFO  SMAPI]       These mods directly change the game code. They're more likely to cause errors or bugs in-game; if
[16:01:15 INFO  SMAPI]       your game has issues, try removing these first. Otherwise you can ignore this warning.

[16:01:15 INFO  SMAPI]       - QuickSave
[16:01:15 INFO  SMAPI]       - VN Revival Language Switcher

[16:01:15 TRACE SMAPI]    Direct console access
[16:01:15 TRACE SMAPI]    --------------------------------------------------
[16:01:15 TRACE SMAPI]       These mods access the SMAPI console window directly. This is more fragile, and their output may not
[16:01:15 TRACE SMAPI]       be logged by SMAPI.

[16:01:15 TRACE SMAPI]       - Save Backup

[16:01:15 DEBUG SMAPI]    No update keys
[16:01:15 DEBUG SMAPI]    --------------------------------------------------
[16:01:15 DEBUG SMAPI]       These mods have no update keys in their manifest. SMAPI may not notify you about updates for these
[16:01:15 DEBUG SMAPI]       mods. Consider notifying the mod authors about this problem.

[16:01:15 DEBUG SMAPI]       - Stardew Valley — VN Revival Languages
[16:01:15 DEBUG SMAPI]       - VN Revival Language Switcher
[16:01:15 DEBUG SMAPI]       - VN Revival Small Game Updater
[16:01:15 DEBUG SMAPI]       - VN Revival Visual QA Driver

[16:01:15 DEBUG SMAPI] Launching mods...
[16:01:15 TRACE SMAPI]    Found mod-provided API (QuickSave.API.QuickSaveAPI).
[16:01:15 TRACE Save Backup] Already backed up today.
[16:01:15 TRACE SMAPI]    Found mod-provided API (ContentPatcher.Framework.ContentPatcherAPI).
[16:01:15 TRACE VN Revival Language Switcher] Persian, Arabic, and Hebrew shaping/bidi adapters enabled for 15 text methods.
[16:01:15 TRACE VN Revival Visual QA Driver] Waiting for the visual-QA QuickSave trigger.
[16:01:15 DEBUG SMAPI] Mods loaded and ready!
[16:01:16 TRACE SMAPI] Checking for updates...
[16:01:17 TRACE game] setGameMode( 'titleScreenGameMode (0)' )
[16:01:18 TRACE SMAPI]    SMAPI okay.
[16:01:18 TRACE SMAPI]    Checking for updates to 6 mods...
[16:01:18 TRACE game] Instance_LoadContent() finished, elapsed = '00:00:05.6665677'
[16:01:18 TRACE game] Steam logged on: True
[16:01:18 TRACE game] Initializing GalaxySDK
[16:01:18 TRACE game] Requesting Steam app ticket
[16:01:18 TRACE SMAPI]    All mods up to date.
[16:01:18 INFO  SMAPI] Type 'help' for help, or 'help <cmd>' for a command's usage
[16:01:18 TRACE game] Signing into GalaxySDK
[16:01:19 TRACE game] Registered trigger action handler 'Pathoschild.ContentPatcher_MigrateIds'.
[16:01:19 TRACE SMAPI]    Mod blacklist OK.
[16:01:47 TRACE Content Patcher] Requested cache invalidation for all assets matching a predicate.
[16:01:47 TRACE game] Successfully loaded ContentHashes.json containing 3560 file(s);
[16:01:47 TRACE game] EnsureManifestInitialized() finished, elapsed = '00:00:00.0979657'
[16:01:48 TRACE SMAPI] Invalidated 3 asset names (Fonts/SmallFont, Fonts/SpriteFont1, Minigames/TitleButtons).
Propagated 3 core assets (Fonts/SmallFont, Fonts/SpriteFont1, Minigames/TitleButtons).
[16:01:48 TRACE game] Galaxy auth success
[16:01:48 TRACE game] Galaxy signed in
[16:01:48 TRACE game] Galaxy logged on
[16:01:49 TRACE SMAPI] Content Patcher edited Data/AdditionalLanguages (for the 'Stardew Valley — VN Revival Languages' content pack).
[16:01:49 TRACE game] LocalizedContentManager.CurrentLanguageCode CHANGING from 'en' to 'mod'
[16:01:49 TRACE Content Patcher] Requested cache invalidation for all assets matching a predicate.
[16:01:49 TRACE SMAPI] Content Patcher edited Data/Achievements (for the 'Stardew Valley — VN Revival Languages' content pack).
[16:01:49 TRACE SMAPI] Content Patcher edited Data/NPCGiftTastes (for the 'Stardew Valley — VN Revival Languages' content pack).
[16:01:49 TRACE SMAPI] Content Patcher edited Data/CraftingRecipes (for the 'Stardew Valley — VN Revival Languages' content pack).
[16:01:49 TRACE SMAPI] Content Patcher edited Data/CookingRecipes (for the 'Stardew Valley — VN Revival Languages' content pack).
[16:01:49 TRACE SMAPI] Content Patcher edited Strings/StringsFromCSFiles (for the 'Stardew Valley — VN Revival Languages' content pack).
[16:01:49 TRACE SMAPI] Invalidated 10 asset names (Data/Achievements, Data/Boots, Data/CookingRecipes, Data/CraftingRecipes, Data/Furniture, Data/hats, Data/NPCGiftTastes, Strings/StringsFromCSFiles, Strings/Tools, Strings/Weapons).
Propagated 8 core assets (Data/Achievements, Data/Boots, Data/CookingRecipes, Data/CraftingRecipes, Data/Furniture, Data/hats, Data/NPCGiftTastes, Strings/StringsFromCSFiles).
[16:01:49 TRACE SMAPI] Content Patcher loaded asset 'Fonts/SpriteFont1.th-vnrevival' (for the 'Stardew Valley — VN Revival Languages' content pack).
[16:01:50 TRACE SMAPI] Content Patcher loaded asset 'Fonts/SmallFont.th-vnrevival' (for the 'Stardew Valley — VN Revival Languages' content pack).
[16:01:50 TRACE SMAPI] Content Patcher loaded asset 'Minigames/TitleButtons.th-vnrevival' (for the 'Stardew Valley — VN Revival Languages' content pack).
[16:01:50 TRACE SMAPI] Content Patcher edited Strings/StringsFromCSFiles (for the 'Stardew Valley — VN Revival Languages' content pack).
[16:01:50 TRACE game] LocalizedContentManager.CurrentLanguageCode CHANGED from 'en' to 'mod'
[16:01:50 TRACE SMAPI] Context: locale set to mod (th-vnrevival).
[16:01:50 TRACE game] Window_ClientSizeChanged(); Window.ClientBounds={X:0 Y:0 Width:2560 Height:1600}
[16:01:50 TRACE VN Revival Language Switcher] Readable developer-card label enabled for th-vnrevival; overlay 333x180, zoom 3, scale 1.
[16:01:50 TRACE game] Successfully set GOG Galaxy profile name.
[16:02:13 TRACE SMAPI] Content Patcher loaded asset 'Minigames/TitleButtons.th-vnrevival' (for the 'Stardew Valley — VN Revival Languages' content pack).
[16:02:13 TRACE VN Revival Language Switcher] Centered high-resolution title labels enabled for th-vnrevival; button bounds: 800,1402 222x174 scale 3/3, 1046,1402 222x174 scale 3/3, 1292,1402 222x174 scale 3/3, 1538,1402 222x174 scale 3/3.
[16:02:19 TRACE SMAPI] Synchronizing 'Farm_SpaceCheck' task...
[16:02:19 TRACE SMAPI]    task complete.
[16:02:19 TRACE SMAPI] Content Patcher loaded asset 'Fonts/Thai' (for the 'Stardew Valley — VN Revival Languages' content pack).
[16:02:19 TRACE SMAPI] Content Patcher loaded asset 'Fonts/Thai_0' (for the 'Stardew Valley — VN Revival Languages' content pack).
[16:02:21 TRACE SMAPI] Content Patcher edited Data/Furniture (for the 'Stardew Valley — VN Revival Languages' content pack).
[16:02:21 TRACE SMAPI] Content Patcher edited Data/Boots (for the 'Stardew Valley — VN Revival Languages' content pack).
[16:02:21 TRACE SMAPI] Content Patcher edited Data/hats (for the 'Stardew Valley — VN Revival Languages' content pack).
[16:02:21 TRACE SMAPI] Content Patcher edited Strings/Tools (for the 'Stardew Valley — VN Revival Languages' content pack).
[16:02:21 TRACE SMAPI] Content Patcher edited Strings/Weapons (for the 'Stardew Valley — VN Revival Languages' content pack).
[16:02:21 TRACE SMAPI] Content Patcher edited Strings/UI (for the 'Stardew Valley — VN Revival Languages' content pack).
[16:02:21 TRACE SMAPI] Content Patcher edited Strings/1_6_Strings (for the 'Stardew Valley — VN Revival Languages' content pack).
[16:02:21 TRACE SMAPI] Content Patcher edited Data/HairData (for the 'Stardew Valley — VN Revival Languages' content pack).
[16:02:21 TRACE SMAPI] Content Patcher edited Strings/Shirts (for the 'Stardew Valley — VN Revival Languages' content pack).
[16:02:21 TRACE SMAPI] Content Patcher edited Strings/Pants (for the 'Stardew Valley — VN Revival Languages' content pack).
[16:02:22 TRACE VN Revival Language Switcher] Native back label enabled for th-vnrevival; bounds 198x81, source 66x27, scale 3/3, overlay 0.75.
[16:02:27 TRACE game] Window_ClientSizeChanged(); Window.ClientBounds={X:0 Y:0 Width:2560 Height:1600}
[16:02:27 TRACE game] Window_ClientSizeChanged(); Window.ClientBounds={X:0 Y:0 Width:2560 Height:1600}
[16:02:38 TRACE SMAPI] Synchronizing 'Find Save Games' task...
[16:02:39 TRACE SMAPI]    task complete.
[16:02:39 TRACE game] Window_ClientSizeChanged(); Window.ClientBounds={X:0 Y:0 Width:2560 Height:1600}
[16:02:44 TRACE game] gameMode was 'titleScreenGameMode (0)', set to 'loadingMode (6)'.
[16:02:44 TRACE SMAPI] Game loader synchronizing...
[16:02:44 TRACE game] getLoadEnumerator('zc_448908119')
[16:02:44 TRACE SMAPI] Synchronizing 'Load_ReadSave' task...
[16:02:46 TRACE SMAPI] Content Patcher edited Strings/BigCraftables (for the 'Stardew Valley — VN Revival Languages' content pack).
[16:02:46 TRACE SMAPI] Content Patcher edited Data/Festivals/FestivalDates (for the 'Stardew Valley — VN Revival Languages' content pack).
[16:02:47 TRACE SMAPI] Content Patcher edited Strings/NPCNames (for the 'Stardew Valley — VN Revival Languages' content pack).
[16:02:47 TRACE SMAPI] Content Patcher edited Data/Bundles (for the 'Stardew Valley — VN Revival Languages' content pack).
[16:02:47 TRACE SMAPI] Content Patcher edited Strings/Objects (for the 'Stardew Valley — VN Revival Languages' content pack).
[16:02:47 TRACE SMAPI]    task complete.
[16:02:47 TRACE SMAPI] Content Patcher edited Data/Festivals/FestivalDates (for the 'Stardew Valley — VN Revival Languages' content pack).
[16:02:47 TRACE SMAPI] Synchronizing 'Load_LoadForNewGame' task...
[16:02:48 TRACE SMAPI] Content Patcher edited Strings/Furniture (for the 'Stardew Valley — VN Revival Languages' content pack).
[16:02:48 TRACE SMAPI] Content Patcher edited Data/Fish (for the 'Stardew Valley — VN Revival Languages' content pack).
[16:02:49 TRACE SMAPI] Content Patcher edited Data/Quests (for the 'Stardew Valley — VN Revival Languages' content pack).
[16:02:49 TRACE SMAPI]    task complete.
[16:02:49 TRACE SMAPI] Synchronizing 'Load_Farmer' task...
[16:02:49 TRACE SMAPI]    task complete.
[16:02:49 TRACE SMAPI] Synchronizing 'Load_Locations' task...
[16:02:49 TRACE SMAPI] Content Patcher edited Data/ChairTiles (for the 'Stardew Valley — VN Revival Languages' content pack).
[16:02:49 TRACE SMAPI]    task complete.
[16:02:49 TRACE game] gameMode was 'loadingMode (6)', set to 'playingGameMode (3)'.
[16:02:50 TRACE game] getLoadEnumerator() exited, elapsed = '00:00:05.4085345'
[16:02:50 TRACE SMAPI] Content Patcher edited Data/Events/FarmHouse (for the 'Stardew Valley — VN Revival Languages' content pack).
[16:02:50 TRACE game] setGameMode( 'playingGameMode (3)' )
[16:02:50 TRACE SMAPI] Game loader done.
[16:02:50 TRACE SMAPI] Content Patcher edited Data/Festivals/FestivalDates (for the 'Stardew Valley — VN Revival Languages' content pack).
[16:02:50 TRACE game] Window_ClientSizeChanged(); Window.ClientBounds={X:0 Y:0 Width:2560 Height:1600}
[16:02:50 TRACE SMAPI] Context: loaded save 'zc_448908119', starting spring 1 Y1, locale set to th-vnrevival. Single-player.
[16:02:50 INFO  VN Revival Visual QA Driver] Invoking QuickSave.Lib.Main.TryLoad() for visual QA.
[16:02:50 DEBUG QuickSave] Loading Savefile: /Users/antonkrutov/.config/StardewValley/Saves/zc_448908119/Quicksave
[16:02:50 TRACE game] gameMode was 'playingGameMode (3)', set to 'loadingMode (6)'.
[16:02:50 TRACE SMAPI] Game loader synchronizing...
[16:02:50 TRACE game] getLoadEnumerator('/Users/antonkrutov/.config/StardewValley/Saves/zc_448908119/Quicksave')
[16:02:50 TRACE SMAPI] Synchronizing 'Load_ReadSave' task...
[16:02:51 TRACE SMAPI] Content Patcher edited Strings/BundleNames (for the 'Stardew Valley — VN Revival Languages' content pack).
[16:02:51 TRACE SMAPI]    task complete.
[16:02:51 TRACE SMAPI] Synchronizing 'Load_LoadForNewGame' task...
[16:02:51 TRACE SMAPI]    task complete.
[16:02:51 TRACE SMAPI] Synchronizing 'Load_Farmer' task...
[16:02:51 TRACE SMAPI]    task complete.
[16:02:51 TRACE SMAPI] Synchronizing 'Load_Locations' task...
[16:02:51 TRACE SMAPI]    task complete.
[16:02:51 TRACE game] gameMode was 'loadingMode (6)', set to 'playingGameMode (3)'.
[16:02:51 TRACE game] getLoadEnumerator() exited, elapsed = '00:00:00.9759837'
[16:02:51 TRACE SMAPI] Content Patcher edited Data/Events/SeedShop (for the 'Stardew Valley — VN Revival Languages' content pack).
[16:02:51 TRACE game] setGameMode( 'playingGameMode (3)' )
[16:02:51 TRACE SMAPI] Game loader done.
[16:02:51 TRACE SMAPI] Context: loaded save 'zc_448908119', starting spring 1 Y1, locale set to th-vnrevival. Single-player.
[16:02:51 TRACE SMAPI] Content Patcher edited Data/animationDescriptions (for the 'Stardew Valley — VN Revival Languages' content pack).
[16:02:51 TRACE SMAPI] Content Patcher edited Data/Festivals/FestivalDates (for the 'Stardew Valley — VN Revival Languages' content pack).
[16:02:51 TRACE QuickSave] Savefile loaded in 1052ms
[16:02:51 TRACE QuickSave] SaveName matches old = True| Old: zc - New: zc
[16:02:51 TRACE QuickSave] UniqueId matches old = True| Old: 448908119 - New: 448908119
[16:02:52 TRACE SMAPI] Content Patcher edited Characters/Dialogue/Shane (for the 'Stardew Valley — VN Revival Languages' content pack).
[16:02:52 TRACE SMAPI] Content Patcher edited Characters/Dialogue/Marnie (for the 'Stardew Valley — VN Revival Languages' content pack).
[16:02:52 TRACE SMAPI] Content Patcher edited Characters/Dialogue/Vincent (for the 'Stardew Valley — VN Revival Languages' content pack).
[16:02:52 TRACE SMAPI] Content Patcher edited Characters/Dialogue/Abigail (for the 'Stardew Valley — VN Revival Languages' content pack).
[16:02:52 TRACE QuickSave] Loading finished in 1663ms
[16:02:52 TRACE game] Window_ClientSizeChanged(); Window.ClientBounds={X:0 Y:0 Width:2560 Height:1600}
[16:02:59 TRACE SMAPI] Content Patcher edited Characters/Dialogue/Elliott (for the 'Stardew Valley — VN Revival Languages' content pack).
[16:02:59 TRACE SMAPI] Content Patcher edited Characters/Dialogue/Demetrius (for the 'Stardew Valley — VN Revival Languages' content pack).
[16:02:59 TRACE SMAPI] Content Patcher edited Characters/Dialogue/Wizard (for the 'Stardew Valley — VN Revival Languages' content pack).
[16:02:59 TRACE SMAPI] Content Patcher edited Characters/Dialogue/Jas (for the 'Stardew Valley — VN Revival Languages' content pack).
[16:02:59 TRACE SMAPI] Content Patcher edited Characters/Dialogue/Leah (for the 'Stardew Valley — VN Revival Languages' content pack).
[16:02:59 TRACE SMAPI] Content Patcher edited Characters/Dialogue/Dwarf (for the 'Stardew Valley — VN Revival Languages' content pack).
[16:02:59 TRACE SMAPI] Content Patcher edited Characters/Dialogue/Krobus (for the 'Stardew Valley — VN Revival Languages' content pack).
[16:02:59 TRACE SMAPI] Content Patcher edited Characters/Dialogue/Gus (for the 'Stardew Valley — VN Revival Languages' content pack).
[16:03:06 TRACE SMAPI] Content Patcher edited Characters/Dialogue/Harvey (for the 'Stardew Valley — VN Revival Languages' content pack).
[16:03:06 TRACE SMAPI] Content Patcher edited Characters/Dialogue/Sebastian (for the 'Stardew Valley — VN Revival Languages' content pack).
[16:03:13 TRACE SMAPI] Content Patcher edited Characters/Dialogue/Haley (for the 'Stardew Valley — VN Revival Languages' content pack).
[16:03:13 TRACE SMAPI] Content Patcher edited Characters/Dialogue/Linus (for the 'Stardew Valley — VN Revival Languages' content pack).
[16:03:13 TRACE SMAPI] Content Patcher edited Characters/Dialogue/Maru (for the 'Stardew Valley — VN Revival Languages' content pack).
[16:03:27 TRACE SMAPI] Content Patcher edited Data/mail (for the 'Stardew Valley — VN Revival Languages' content pack).
[16:03:27 TRACE VN Revival Visual QA Driver] Opened inventory for visual QA.
[16:03:27 TRACE game] Window_ClientSizeChanged(); Window.ClientBounds={X:0 Y:0 Width:2560 Height:1600}
[16:03:36 TRACE VN Revival Visual QA Driver] Closed active menu for visual QA.
[16:03:38 TRACE VN Revival Visual QA Driver] Opened journal for visual QA.
