[01:46:38 INFO  SMAPI] SMAPI 4.5.2 with Stardew Valley 1.6.15 build 24356 on macOS Unix 26.6.2
[01:46:38 INFO  SMAPI] Mods go here: /Volumes/KINGSTONMAC/SteamLibrary/common/Stardew Valley/Contents/MacOS/Mods
[01:46:38 TRACE SMAPI] Log started at 2026-09-07T18:46:38 UTC
[01:46:48 DEBUG SMAPI] Waiting for game to launch...
[01:46:51 TRACE game] Instance_Initialize() finished, elapsed = '00:00:01.5507394'
[01:46:51 TRACE SMAPI] Scanning for malicious files...
[01:46:51 DEBUG SMAPI] Loading mod metadata...
[01:46:51 DEBUG SMAPI] Loading mods...
[01:46:51 TRACE SMAPI]    Console Commands (from Mods/ConsoleCommands/ConsoleCommands.dll, ID: SMAPI.ConsoleCommands, assembly version: 4.5.2)...
[01:46:52 TRACE SMAPI]    Save Backup (from Mods/SaveBackup/SaveBackup.dll, ID: SMAPI.SaveBackup, assembly version: 4.5.2)...
[01:46:52 TRACE SMAPI]       Detected direct console access (System.Console type) in assembly SaveBackup.dll.
[01:46:52 TRACE SMAPI]    Content Patcher (from Mods/ContentPatcher/ContentPatcher.dll, ID: Pathoschild.ContentPatcher, assembly version: 2.9.0)...
[01:46:52 TRACE SMAPI]    Stardew Valley — VN Revival Languages (from Mods/[CP] VN Revival Languages, ID: VNRevival.StardewValleyTranslations) [content pack]...
[01:46:52 TRACE SMAPI]    VN Revival Language Switcher (from Mods/[SMAPI] VN Revival Language Switcher/VNRevival.LanguageSwitcher.dll, ID: VNRevival.LanguageSwitcher, assembly version: 1.0.0)...
[01:46:52 TRACE SMAPI]       Detected game patcher in assembly VNRevival.LanguageSwitcher.dll.
[01:46:52 TRACE SMAPI]    VN Revival Small Game Updater (from Mods/VN Revival Small Game Updater/VNRevival.SmallGameUpdater.dll, ID: VNRevival.SmallGameUpdater, assembly version: 1.0.0)...
[01:46:52 INFO  SMAPI] Loaded 5 mods:
[01:46:52 INFO  SMAPI]    Console Commands 4.5.2 by SMAPI | Adds SMAPI console commands that let you manipulate the game.
[01:46:52 INFO  SMAPI]    Content Patcher 2.9.0 by Pathoschild | Loads content packs which edit game data, images, and maps without changing the game files.
[01:46:52 INFO  SMAPI]    Save Backup 4.5.2 by SMAPI | Automatically backs up all your saves once per day into its folder.
[01:46:52 INFO  SMAPI]    VN Revival Language Switcher 1.0.0 by VN Revival | Fixes switching directly between custom VN Revival languages.
[01:46:52 INFO  SMAPI]    VN Revival Small Game Updater 1.0.0 by VN Revival | Checks VN Revival for translation updates and applies them before Content Patcher loads.

[01:46:52 INFO  SMAPI] Loaded 1 content packs:
[01:46:52 INFO  SMAPI]    Stardew Valley — VN Revival Languages 1.8.0 by VN Revival | for Content Patcher | Adds Russian, Polish, Vietnamese, Swahili, Persian, Arabic, Indonesian, Filipino, Hindi, and Traditional Chinese as separate VN Revival languages in Stardew Valley.

[01:46:52 INFO  SMAPI]    Patched game code
[01:46:52 INFO  SMAPI]    --------------------------------------------------
[01:46:52 INFO  SMAPI]       These mods directly change the game code. They're more likely to cause errors or bugs in-game; if
[01:46:52 INFO  SMAPI]       your game has issues, try removing these first. Otherwise you can ignore this warning.

[01:46:52 INFO  SMAPI]       - VN Revival Language Switcher

[01:46:52 TRACE SMAPI]    Direct console access
[01:46:52 TRACE SMAPI]    --------------------------------------------------
[01:46:52 TRACE SMAPI]       These mods access the SMAPI console window directly. This is more fragile, and their output may not
[01:46:52 TRACE SMAPI]       be logged by SMAPI.

[01:46:52 TRACE SMAPI]       - Save Backup

[01:46:52 DEBUG SMAPI]    No update keys
[01:46:52 DEBUG SMAPI]    --------------------------------------------------
[01:46:52 DEBUG SMAPI]       These mods have no update keys in their manifest. SMAPI may not notify you about updates for these
[01:46:52 DEBUG SMAPI]       mods. Consider notifying the mod authors about this problem.

[01:46:52 DEBUG SMAPI]       - Stardew Valley — VN Revival Languages
[01:46:52 DEBUG SMAPI]       - VN Revival Language Switcher
[01:46:52 DEBUG SMAPI]       - VN Revival Small Game Updater

[01:46:52 DEBUG SMAPI] Launching mods...
[01:46:52 TRACE Save Backup] Already backed up today.
[01:46:52 TRACE SMAPI]    Found mod-provided API (ContentPatcher.Framework.ContentPatcherAPI).
[01:46:52 DEBUG SMAPI] Mods loaded and ready!
[01:46:52 TRACE SMAPI] Checking for updates...
[01:46:54 TRACE game] setGameMode( 'titleScreenGameMode (0)' )
[01:46:54 TRACE game] Instance_LoadContent() finished, elapsed = '00:00:03.2934037'
[01:46:54 ERROR game] Oops! Steam achievements won't work because Steam isn't loaded. You can launch the game through Steam to fix that.
[01:46:54 INFO  SMAPI] Type 'help' for help, or 'help <cmd>' for a command's usage
[01:46:54 TRACE game] Registered trigger action handler 'Pathoschild.ContentPatcher_MigrateIds'.
[01:46:55 TRACE SMAPI]    SMAPI okay.
[01:46:55 TRACE SMAPI]    Checking for updates to 4 mods...

[01:46:55 ALERT SMAPI] You can update 1 mod:
[01:46:55 ALERT SMAPI]    Content Patcher 2.9.1: https://www.nexusmods.com/stardewvalley/mods/1915 (you have 2.9.0)
[01:46:56 TRACE SMAPI]    Mod blacklist OK.
[01:46:59 TRACE Content Patcher] Requested cache invalidation for all assets matching a predicate.
[01:46:59 TRACE game] Successfully loaded ContentHashes.json containing 3560 file(s);
[01:46:59 TRACE game] EnsureManifestInitialized() finished, elapsed = '00:00:00.0422890'
[01:46:59 TRACE SMAPI] Invalidated 3 asset names (Fonts/SmallFont, Fonts/SpriteFont1, Minigames/TitleButtons).
Propagated 3 core assets (Fonts/SmallFont, Fonts/SpriteFont1, Minigames/TitleButtons).
[01:46:59 TRACE SMAPI] Content Patcher edited Data/AdditionalLanguages (for the 'Stardew Valley — VN Revival Languages' content pack).
[01:46:59 TRACE game] LocalizedContentManager.CurrentLanguageCode CHANGING from 'en' to 'mod'
[01:46:59 TRACE Content Patcher] Requested cache invalidation for all assets matching a predicate.
[01:46:59 TRACE SMAPI] Content Patcher edited Data/Achievements (for the 'Stardew Valley — VN Revival Languages' content pack).
[01:47:00 TRACE SMAPI] Content Patcher edited Data/Pets (for the 'Stardew Valley — VN Revival Languages' content pack).
[01:47:00 TRACE SMAPI] Content Patcher edited Data/NPCGiftTastes (for the 'Stardew Valley — VN Revival Languages' content pack).
[01:47:00 TRACE SMAPI] Content Patcher edited Data/CraftingRecipes (for the 'Stardew Valley — VN Revival Languages' content pack).
[01:47:00 TRACE SMAPI] Content Patcher edited Data/CookingRecipes (for the 'Stardew Valley — VN Revival Languages' content pack).
[01:47:00 TRACE SMAPI] Content Patcher edited Strings/StringsFromCSFiles (for the 'Stardew Valley — VN Revival Languages' content pack).
[01:47:00 TRACE SMAPI] Invalidated 11 asset names (Data/Achievements, Data/Boots, Data/CookingRecipes, Data/CraftingRecipes, Data/Furniture, Data/hats, Data/NPCGiftTastes, Data/Pets, Strings/StringsFromCSFiles, Strings/Tools, Strings/Weapons).
Propagated 9 core assets (Data/Achievements, Data/Boots, Data/CookingRecipes, Data/CraftingRecipes, Data/Furniture, Data/hats, Data/NPCGiftTastes, Data/Pets, Strings/StringsFromCSFiles).
[01:47:00 TRACE SMAPI] Content Patcher loaded asset 'Fonts/SpriteFont1.fil-vnrevival' (for the 'Stardew Valley — VN Revival Languages' content pack).
[01:47:00 TRACE SMAPI] Content Patcher loaded asset 'Fonts/SmallFont.fil-vnrevival' (for the 'Stardew Valley — VN Revival Languages' content pack).
[01:47:00 TRACE SMAPI] Content Patcher loaded asset 'Minigames/TitleButtons.fil-vnrevival' (for the 'Stardew Valley — VN Revival Languages' content pack).
[01:47:00 TRACE SMAPI] Content Patcher edited Strings/StringsFromCSFiles (for the 'Stardew Valley — VN Revival Languages' content pack).
[01:47:00 TRACE game] LocalizedContentManager.CurrentLanguageCode CHANGED from 'en' to 'mod'
[01:47:00 TRACE SMAPI] Context: locale set to mod (fil-vnrevival).
[01:47:00 TRACE game] Window_ClientSizeChanged(); Window.ClientBounds={X:80 Y:90 Width:1280 Height:720}
[01:47:08 TRACE SMAPI] Content Patcher loaded asset 'Minigames/TitleButtons.fil-vnrevival' (for the 'Stardew Valley — VN Revival Languages' content pack).
[01:47:12 TRACE SMAPI] Content Patcher loaded asset 'Mods/VNRevival.StardewValleyTranslations/ButtonRussian' (for the 'Stardew Valley — VN Revival Languages' content pack).
[01:47:12 TRACE SMAPI] Content Patcher loaded asset 'Mods/VNRevival.StardewValleyTranslations/ButtonPolish' (for the 'Stardew Valley — VN Revival Languages' content pack).
[01:47:12 TRACE SMAPI] Content Patcher loaded asset 'Mods/VNRevival.StardewValleyTranslations/ButtonVietnamese' (for the 'Stardew Valley — VN Revival Languages' content pack).
[01:47:12 TRACE SMAPI] Content Patcher loaded asset 'Mods/VNRevival.StardewValleyTranslations/ButtonSwahili' (for the 'Stardew Valley — VN Revival Languages' content pack).
[01:47:12 TRACE SMAPI] Content Patcher loaded asset 'Mods/VNRevival.StardewValleyTranslations/ButtonPersian' (for the 'Stardew Valley — VN Revival Languages' content pack).
[01:47:12 TRACE SMAPI] Content Patcher loaded asset 'Mods/VNRevival.StardewValleyTranslations/ButtonArabic' (for the 'Stardew Valley — VN Revival Languages' content pack).
[01:47:12 TRACE SMAPI] Content Patcher loaded asset 'Mods/VNRevival.StardewValleyTranslations/ButtonIndonesian' (for the 'Stardew Valley — VN Revival Languages' content pack).
[01:47:12 TRACE SMAPI] Content Patcher loaded asset 'Mods/VNRevival.StardewValleyTranslations/ButtonFilipino' (for the 'Stardew Valley — VN Revival Languages' content pack).
[01:47:12 TRACE SMAPI] Content Patcher loaded asset 'Mods/VNRevival.StardewValleyTranslations/ButtonHindi' (for the 'Stardew Valley — VN Revival Languages' content pack).
[01:47:12 TRACE SMAPI] Content Patcher loaded asset 'Mods/VNRevival.StardewValleyTranslations/ButtonTraditionalChinese' (for the 'Stardew Valley — VN Revival Languages' content pack).
[01:47:24 TRACE SMAPI] Content Patcher edited Data/Furniture (for the 'Stardew Valley — VN Revival Languages' content pack).
[01:47:24 TRACE SMAPI] Content Patcher edited Data/Boots (for the 'Stardew Valley — VN Revival Languages' content pack).
[01:47:24 TRACE SMAPI] Content Patcher edited Data/hats (for the 'Stardew Valley — VN Revival Languages' content pack).
[01:47:24 TRACE SMAPI] Content Patcher edited Strings/Tools (for the 'Stardew Valley — VN Revival Languages' content pack).
[01:47:24 TRACE SMAPI] Content Patcher edited Strings/Weapons (for the 'Stardew Valley — VN Revival Languages' content pack).
[01:47:24 TRACE game] Window_ClientSizeChanged(); Window.ClientBounds={X:80 Y:90 Width:1280 Height:720}
[01:47:24 TRACE game] Window_ClientSizeChanged(); Window.ClientBounds={X:80 Y:90 Width:1280 Height:720}
[01:47:27 TRACE game] Disconnected: ClosedGame
[01:47:27 TRACE SMAPI] Disposing...
[01:47:27 TRACE SMAPI] Disposing the content coordinator. Content managers will no longer be usable after this point.
