[10:25:46 INFO  SMAPI] SMAPI 4.5.2 with Stardew Valley 1.6.15 build 24356 on macOS Unix 26.6.2
[10:25:47 INFO  SMAPI] Mods go here: /Volumes/KINGSTONMAC/SteamLibrary/common/Stardew Valley/Contents/MacOS/Mods
[10:25:47 TRACE SMAPI] Log started at 2026-09-08T03:25:47 UTC
[10:26:03 DEBUG SMAPI] Waiting for game to launch...
[10:26:07 TRACE game] Instance_Initialize() finished, elapsed = '00:00:01.8274755'
[10:26:08 TRACE SMAPI] Scanning for malicious files...
[10:26:08 DEBUG SMAPI] Loading mod metadata...
[10:26:09 DEBUG SMAPI] Loading mods...
[10:26:09 TRACE SMAPI]    Console Commands (from Mods/ConsoleCommands/ConsoleCommands.dll, ID: SMAPI.ConsoleCommands, assembly version: 4.5.2)...
[10:26:10 TRACE SMAPI]    Save Backup (from Mods/SaveBackup/SaveBackup.dll, ID: SMAPI.SaveBackup, assembly version: 4.5.2)...
[10:26:10 TRACE SMAPI]       Detected direct console access (System.Console type) in assembly SaveBackup.dll.
[10:26:10 TRACE SMAPI]    Content Patcher (from Mods/ContentPatcher/ContentPatcher.dll, ID: Pathoschild.ContentPatcher, assembly version: 2.9.0)...
[10:26:10 TRACE SMAPI]    Stardew Valley — VN Revival Languages (from Mods/[CP] VN Revival Languages, ID: VNRevival.StardewValleyTranslations) [content pack]...
[10:26:10 TRACE SMAPI]    VN Revival Language Switcher (from Mods/[SMAPI] VN Revival Language Switcher/VNRevival.LanguageSwitcher.dll, ID: VNRevival.LanguageSwitcher, assembly version: 1.0.0)...
[10:26:10 TRACE SMAPI]       Detected game patcher in assembly VNRevival.LanguageSwitcher.dll.
[10:26:10 TRACE SMAPI]    VN Revival Filipino Visual QA (from Mods/VN Revival Filipino Visual QA/VNRevival.FilipinoVisualQA.dll, ID: VNRevival.FilipinoVisualQA, assembly version: 1.0.0)...
[10:26:10 TRACE SMAPI]    VN Revival Small Game Updater (from Mods/VN Revival Small Game Updater/VNRevival.SmallGameUpdater.dll, ID: VNRevival.SmallGameUpdater, assembly version: 1.0.0)...
[10:26:10 INFO  SMAPI] Loaded 6 mods:
[10:26:10 INFO  SMAPI]    Console Commands 4.5.2 by SMAPI | Adds SMAPI console commands that let you manipulate the game.
[10:26:10 INFO  SMAPI]    Content Patcher 2.9.0 by Pathoschild | Loads content packs which edit game data, images, and maps without changing the game files.
[10:26:10 INFO  SMAPI]    Save Backup 4.5.2 by SMAPI | Automatically backs up all your saves once per day into its folder.
[10:26:10 INFO  SMAPI]    VN Revival Filipino Visual QA 1.0.0 by VN Revival QA | Temporary local screenshot harness for Filipino release QA.
[10:26:10 INFO  SMAPI]    VN Revival Language Switcher 1.0.0 by VN Revival | Fixes switching directly between custom VN Revival languages.
[10:26:10 INFO  SMAPI]    VN Revival Small Game Updater 1.0.0 by VN Revival | Checks VN Revival for translation updates and applies them before Content Patcher loads.

[10:26:10 INFO  SMAPI] Loaded 1 content packs:
[10:26:10 INFO  SMAPI]    Stardew Valley — VN Revival Languages 1.11.0 by VN Revival | for Content Patcher | Adds Russian, Polish, Ukrainian, Vietnamese, Swahili, Persian, Arabic, Indonesian, Filipino, Dutch, Hindi, and Traditional Chinese as separate VN Revival languages in Stardew Valley.

[10:26:10 INFO  SMAPI]    Patched game code
[10:26:10 INFO  SMAPI]    --------------------------------------------------
[10:26:10 INFO  SMAPI]       These mods directly change the game code. They're more likely to cause errors or bugs in-game; if
[10:26:10 INFO  SMAPI]       your game has issues, try removing these first. Otherwise you can ignore this warning.

[10:26:10 INFO  SMAPI]       - VN Revival Language Switcher

[10:26:10 TRACE SMAPI]    Direct console access
[10:26:10 TRACE SMAPI]    --------------------------------------------------
[10:26:10 TRACE SMAPI]       These mods access the SMAPI console window directly. This is more fragile, and their output may not
[10:26:10 TRACE SMAPI]       be logged by SMAPI.

[10:26:10 TRACE SMAPI]       - Save Backup

[10:26:10 DEBUG SMAPI]    No update keys
[10:26:10 DEBUG SMAPI]    --------------------------------------------------
[10:26:10 DEBUG SMAPI]       These mods have no update keys in their manifest. SMAPI may not notify you about updates for these
[10:26:10 DEBUG SMAPI]       mods. Consider notifying the mod authors about this problem.

[10:26:10 DEBUG SMAPI]       - Stardew Valley — VN Revival Languages
[10:26:10 DEBUG SMAPI]       - VN Revival Filipino Visual QA
[10:26:10 DEBUG SMAPI]       - VN Revival Language Switcher
[10:26:10 DEBUG SMAPI]       - VN Revival Small Game Updater

[10:26:10 DEBUG SMAPI] Launching mods...
[10:26:10 TRACE Save Backup] Already backed up today.
[10:26:10 TRACE SMAPI]    Found mod-provided API (ContentPatcher.Framework.ContentPatcherAPI).
[10:26:10 INFO  VN Revival Filipino Visual QA] Visual QA output: /private/tmp/stardew-fil-visual-output-6
[10:26:10 DEBUG SMAPI] Mods loaded and ready!
[10:26:10 TRACE SMAPI] Checking for updates...
[10:26:12 TRACE game] setGameMode( 'titleScreenGameMode (0)' )
[10:26:13 TRACE game] Instance_LoadContent() finished, elapsed = '00:00:05.7077738'
[10:26:13 ERROR game] Oops! Steam achievements won't work because Steam isn't loaded. You can launch the game through Steam to fix that.
[10:26:13 INFO  SMAPI] Type 'help' for help, or 'help <cmd>' for a command's usage
[10:26:15 TRACE game] Registered trigger action handler 'Pathoschild.ContentPatcher_MigrateIds'.
[10:26:15 TRACE SMAPI]    SMAPI okay.
[10:26:15 TRACE SMAPI]    Checking for updates to 5 mods...

[10:26:16 ALERT SMAPI] You can update 1 mod:
[10:26:16 ALERT SMAPI]    Content Patcher 2.9.1: https://www.nexusmods.com/stardewvalley/mods/1915 (you have 2.9.0)
[10:26:17 TRACE SMAPI]    Mod blacklist OK.
[10:26:24 TRACE Content Patcher] Requested cache invalidation for all assets matching a predicate.
[10:26:24 TRACE game] Successfully loaded ContentHashes.json containing 3560 file(s);
[10:26:24 TRACE game] EnsureManifestInitialized() finished, elapsed = '00:00:00.0503715'
[10:26:24 TRACE SMAPI] Invalidated 3 asset names (Fonts/SmallFont, Fonts/SpriteFont1, Minigames/TitleButtons).
Propagated 3 core assets (Fonts/SmallFont, Fonts/SpriteFont1, Minigames/TitleButtons).
[10:26:25 TRACE SMAPI] Content Patcher edited Data/AdditionalLanguages (for the 'Stardew Valley — VN Revival Languages' content pack).
[10:26:25 TRACE game] LocalizedContentManager.CurrentLanguageCode CHANGING from 'en' to 'mod'
[10:26:25 TRACE Content Patcher] Requested cache invalidation for all assets matching a predicate.
[10:26:25 TRACE SMAPI] Content Patcher edited Data/Achievements (for the 'Stardew Valley — VN Revival Languages' content pack).
[10:26:25 TRACE SMAPI] Content Patcher edited Data/Pets (for the 'Stardew Valley — VN Revival Languages' content pack).
[10:26:25 TRACE SMAPI] Content Patcher edited Data/NPCGiftTastes (for the 'Stardew Valley — VN Revival Languages' content pack).
[10:26:25 TRACE SMAPI] Content Patcher edited Data/CraftingRecipes (for the 'Stardew Valley — VN Revival Languages' content pack).
[10:26:25 TRACE SMAPI] Content Patcher edited Data/CookingRecipes (for the 'Stardew Valley — VN Revival Languages' content pack).
[10:26:25 TRACE SMAPI] Content Patcher edited Strings/StringsFromCSFiles (for the 'Stardew Valley — VN Revival Languages' content pack).
[10:26:25 TRACE SMAPI] Invalidated 11 asset names (Data/Achievements, Data/Boots, Data/CookingRecipes, Data/CraftingRecipes, Data/Furniture, Data/hats, Data/NPCGiftTastes, Data/Pets, Strings/StringsFromCSFiles, Strings/Tools, Strings/Weapons).
Propagated 9 core assets (Data/Achievements, Data/Boots, Data/CookingRecipes, Data/CraftingRecipes, Data/Furniture, Data/hats, Data/NPCGiftTastes, Data/Pets, Strings/StringsFromCSFiles).
[10:26:25 TRACE SMAPI] Content Patcher loaded asset 'Fonts/SpriteFont1.fil-vnrevival' (for the 'Stardew Valley — VN Revival Languages' content pack).
[10:26:25 TRACE SMAPI] Content Patcher loaded asset 'Fonts/SmallFont.fil-vnrevival' (for the 'Stardew Valley — VN Revival Languages' content pack).
[10:26:25 TRACE SMAPI] Content Patcher loaded asset 'Minigames/TitleButtons.fil-vnrevival' (for the 'Stardew Valley — VN Revival Languages' content pack).
[10:26:25 TRACE SMAPI] Content Patcher edited Strings/StringsFromCSFiles (for the 'Stardew Valley — VN Revival Languages' content pack).
[10:26:25 TRACE game] LocalizedContentManager.CurrentLanguageCode CHANGED from 'en' to 'mod'
[10:26:25 TRACE SMAPI] Context: locale set to mod (fil-vnrevival).
[10:26:25 TRACE game] Window_ClientSizeChanged(); Window.ClientBounds={X:80 Y:90 Width:1280 Height:720}
[10:26:31 TRACE SMAPI] Content Patcher loaded asset 'Mods/VNRevival.StardewValleyTranslations/ButtonRussian' (for the 'Stardew Valley — VN Revival Languages' content pack).
[10:26:31 TRACE SMAPI] Content Patcher loaded asset 'Mods/VNRevival.StardewValleyTranslations/ButtonPolish' (for the 'Stardew Valley — VN Revival Languages' content pack).
[10:26:31 TRACE SMAPI] Content Patcher loaded asset 'Mods/VNRevival.StardewValleyTranslations/ButtonUkrainian' (for the 'Stardew Valley — VN Revival Languages' content pack).
[10:26:31 TRACE SMAPI] Content Patcher loaded asset 'Mods/VNRevival.StardewValleyTranslations/ButtonVietnamese' (for the 'Stardew Valley — VN Revival Languages' content pack).
[10:26:31 TRACE SMAPI] Content Patcher loaded asset 'Mods/VNRevival.StardewValleyTranslations/ButtonSwahili' (for the 'Stardew Valley — VN Revival Languages' content pack).
[10:26:31 TRACE SMAPI] Content Patcher loaded asset 'Mods/VNRevival.StardewValleyTranslations/ButtonPersian' (for the 'Stardew Valley — VN Revival Languages' content pack).
[10:26:31 TRACE SMAPI] Content Patcher loaded asset 'Mods/VNRevival.StardewValleyTranslations/ButtonArabic' (for the 'Stardew Valley — VN Revival Languages' content pack).
[10:26:31 TRACE SMAPI] Content Patcher loaded asset 'Mods/VNRevival.StardewValleyTranslations/ButtonIndonesian' (for the 'Stardew Valley — VN Revival Languages' content pack).
[10:26:31 TRACE SMAPI] Content Patcher loaded asset 'Mods/VNRevival.StardewValleyTranslations/ButtonFilipino' (for the 'Stardew Valley — VN Revival Languages' content pack).
[10:26:31 TRACE SMAPI] Content Patcher loaded asset 'Mods/VNRevival.StardewValleyTranslations/ButtonDutch' (for the 'Stardew Valley — VN Revival Languages' content pack).
[10:26:31 TRACE SMAPI] Content Patcher loaded asset 'Mods/VNRevival.StardewValleyTranslations/ButtonHindi' (for the 'Stardew Valley — VN Revival Languages' content pack).
[10:26:31 TRACE SMAPI] Content Patcher loaded asset 'Mods/VNRevival.StardewValleyTranslations/ButtonTraditionalChinese' (for the 'Stardew Valley — VN Revival Languages' content pack).
[10:26:31 INFO  VN Revival Filipino Visual QA] Language menu pages: 2
[10:26:31 TRACE VN Revival Filipino Visual QA] Title button New: {X:160 Y:522 Width:222 Height:174}
[10:26:31 TRACE VN Revival Filipino Visual QA] Title button Load: {X:406 Y:522 Width:222 Height:174}
[10:26:31 TRACE VN Revival Filipino Visual QA] Title button Co-op: {X:652 Y:522 Width:222 Height:174}
[10:26:31 TRACE VN Revival Filipino Visual QA] Title button Exit: {X:898 Y:522 Width:222 Height:174}
[10:26:31 INFO  VN Revival Filipino Visual QA] Prepared visual QA stage 01-title-menu.
[10:26:36 INFO  VN Revival Filipino Visual QA] FILIPINO_VISUAL_QA_CAPTURED 01-title-menu: /private/tmp/stardew-fil-visual-output-6/01-title-menu.png
[10:26:36 TRACE VN Revival Filipino Visual QA] Language page 1: en {X:79 Y:180 Width:372 Height:83}
[10:26:36 TRACE VN Revival Filipino Visual QA] Language page 1: ru {X:463 Y:180 Width:372 Height:83}
[10:26:36 TRACE VN Revival Filipino Visual QA] Language page 1: zh {X:847 Y:180 Width:372 Height:83}
[10:26:36 TRACE VN Revival Filipino Visual QA] Language page 1: de {X:79 Y:263 Width:372 Height:83}
[10:26:36 TRACE VN Revival Filipino Visual QA] Language page 1: pt {X:463 Y:263 Width:372 Height:83}
[10:26:36 TRACE VN Revival Filipino Visual QA] Language page 1: fr {X:847 Y:263 Width:372 Height:83}
[10:26:36 TRACE VN Revival Filipino Visual QA] Language page 1: es {X:79 Y:346 Width:372 Height:83}
[10:26:36 TRACE VN Revival Filipino Visual QA] Language page 1: ja {X:463 Y:346 Width:372 Height:83}
[10:26:36 TRACE VN Revival Filipino Visual QA] Language page 1: ko {X:847 Y:346 Width:372 Height:83}
[10:26:36 TRACE VN Revival Filipino Visual QA] Language page 1: it {X:79 Y:429 Width:372 Height:83}
[10:26:36 TRACE VN Revival Filipino Visual QA] Language page 1: tr {X:463 Y:429 Width:372 Height:83}
[10:26:36 TRACE VN Revival Filipino Visual QA] Language page 1: hu {X:847 Y:429 Width:372 Height:83}
[10:26:36 INFO  VN Revival Filipino Visual QA] Prepared visual QA stage 02-language-page-1.
[10:26:37 INFO  VN Revival Filipino Visual QA] FILIPINO_VISUAL_QA_CAPTURED 02-language-page-1: /private/tmp/stardew-fil-visual-output-6/02-language-page-1.png
[10:26:37 TRACE VN Revival Filipino Visual QA] Language page 2: ModLanguage_VNRevival.StardewValleyTranslations_Russian {X:79 Y:180 Width:372 Height:83}
[10:26:37 TRACE VN Revival Filipino Visual QA] Language page 2: ModLanguage_VNRevival.StardewValleyTranslations_Polish {X:463 Y:180 Width:372 Height:83}
[10:26:37 TRACE VN Revival Filipino Visual QA] Language page 2: ModLanguage_VNRevival.StardewValleyTranslations_Ukrainian {X:847 Y:180 Width:372 Height:83}
[10:26:37 TRACE VN Revival Filipino Visual QA] Language page 2: ModLanguage_VNRevival.StardewValleyTranslations_Vietnamese {X:79 Y:263 Width:372 Height:83}
[10:26:37 TRACE VN Revival Filipino Visual QA] Language page 2: ModLanguage_VNRevival.StardewValleyTranslations_Swahili {X:463 Y:263 Width:372 Height:83}
[10:26:37 TRACE VN Revival Filipino Visual QA] Language page 2: ModLanguage_VNRevival.StardewValleyTranslations_Persian {X:847 Y:263 Width:372 Height:83}
[10:26:37 TRACE VN Revival Filipino Visual QA] Language page 2: ModLanguage_VNRevival.StardewValleyTranslations_Arabic {X:79 Y:346 Width:372 Height:83}
[10:26:37 TRACE VN Revival Filipino Visual QA] Language page 2: ModLanguage_VNRevival.StardewValleyTranslations_Indonesian {X:463 Y:346 Width:372 Height:83}
[10:26:37 TRACE VN Revival Filipino Visual QA] Language page 2: ModLanguage_VNRevival.StardewValleyTranslations_Filipino {X:847 Y:346 Width:372 Height:83}
[10:26:37 TRACE VN Revival Filipino Visual QA] Language page 2: ModLanguage_VNRevival.StardewValleyTranslations_Dutch {X:79 Y:429 Width:372 Height:83}
[10:26:37 TRACE VN Revival Filipino Visual QA] Language page 2: ModLanguage_VNRevival.StardewValleyTranslations_Hindi {X:463 Y:429 Width:372 Height:83}
[10:26:37 TRACE VN Revival Filipino Visual QA] Language page 2: ModLanguage_VNRevival.StardewValleyTranslations_TraditionalChinese {X:847 Y:429 Width:372 Height:83}
[10:26:37 INFO  VN Revival Filipino Visual QA] Prepared visual QA stage 02-language-page-2.
[10:26:39 INFO  VN Revival Filipino Visual QA] FILIPINO_VISUAL_QA_CAPTURED 02-language-page-2: /private/tmp/stardew-fil-visual-output-6/02-language-page-2.png
[10:26:39 TRACE SMAPI] Content Patcher edited Strings/UI (for the 'Stardew Valley — VN Revival Languages' content pack).
[10:26:39 TRACE SMAPI] Content Patcher edited Strings/1_6_Strings (for the 'Stardew Valley — VN Revival Languages' content pack).
[10:26:39 INFO  VN Revival Filipino Visual QA] Prepared visual QA stage 03-character-creation.
[10:26:39 TRACE SMAPI] Content Patcher edited Data/HairData (for the 'Stardew Valley — VN Revival Languages' content pack).
[10:26:39 TRACE SMAPI] Content Patcher edited Data/Furniture (for the 'Stardew Valley — VN Revival Languages' content pack).
[10:26:39 TRACE SMAPI] Content Patcher edited Data/Boots (for the 'Stardew Valley — VN Revival Languages' content pack).
[10:26:39 TRACE SMAPI] Content Patcher edited Data/hats (for the 'Stardew Valley — VN Revival Languages' content pack).
[10:26:39 TRACE SMAPI] Content Patcher edited Strings/Shirts (for the 'Stardew Valley — VN Revival Languages' content pack).
[10:26:39 TRACE SMAPI] Content Patcher edited Strings/Pants (for the 'Stardew Valley — VN Revival Languages' content pack).
[10:26:41 INFO  VN Revival Filipino Visual QA] FILIPINO_VISUAL_QA_CAPTURED 03-character-creation: /private/tmp/stardew-fil-visual-output-6/03-character-creation.png
[10:26:41 INFO  VN Revival Filipino Visual QA] Prepared visual QA stage 04-inventory.
[10:26:41 TRACE SMAPI] Content Patcher edited Strings/Tools (for the 'Stardew Valley — VN Revival Languages' content pack).
[10:26:41 TRACE SMAPI] Content Patcher edited Strings/Weapons (for the 'Stardew Valley — VN Revival Languages' content pack).
[10:26:42 INFO  VN Revival Filipino Visual QA] FILIPINO_VISUAL_QA_CAPTURED 04-inventory: /private/tmp/stardew-fil-visual-output-6/04-inventory.png
[10:26:42 INFO  VN Revival Filipino Visual QA] Prepared visual QA stage 05-skills.
[10:26:44 INFO  VN Revival Filipino Visual QA] FILIPINO_VISUAL_QA_CAPTURED 05-skills: /private/tmp/stardew-fil-visual-output-6/05-skills.png
[10:26:44 INFO  VN Revival Filipino Visual QA] Prepared visual QA stage 06-options-small-font.
[10:26:44 TRACE game] Window_ClientSizeChanged(); Window.ClientBounds={X:80 Y:90 Width:1280 Height:720}
[10:26:45 INFO  VN Revival Filipino Visual QA] FILIPINO_VISUAL_QA_CAPTURED 06-options-small-font: /private/tmp/stardew-fil-visual-output-6/06-options-small-font.png
[10:26:45 INFO  VN Revival Filipino Visual QA] Prepared visual QA stage 07-dialogue-system.
[10:26:46 INFO  VN Revival Filipino Visual QA] FILIPINO_VISUAL_QA_CAPTURED 07-dialogue-system: /private/tmp/stardew-fil-visual-output-6/07-dialogue-system.png
[10:26:47 INFO  VN Revival Filipino Visual QA] Prepared visual QA stage 08-font-proof.
[10:26:48 INFO  VN Revival Filipino Visual QA] FILIPINO_VISUAL_QA_CAPTURED 08-font-proof: /private/tmp/stardew-fil-visual-output-6/08-font-proof.png
[10:26:48 INFO  VN Revival Filipino Visual QA] FILIPINO_VISUAL_QA_COMPLETE: 9 screenshots
[10:26:48 TRACE game] Disconnected: ClosedGame
[10:26:48 TRACE SMAPI] Disposing...
[10:26:48 TRACE SMAPI] Disposing the content coordinator. Content managers will no longer be usable after this point.
